 cgamex86

 Timestamp is 69d18a87 (Sat Apr  4 23:02:47 2026)

 Preferred load address is 10000000

 Start         Length     Name                   Class
 0001:00000000 000948d7H .text$mn                CODE
 0002:00000000 00000100H .idata$5                DATA
 0002:00000100 00000004H .00cfg                  DATA
 0002:00000104 00000004H .CRT$XCA                DATA
 0002:00000108 00000004H .CRT$XCZ                DATA
 0002:0000010c 00000004H .CRT$XIA                DATA
 0002:00000110 00000004H .CRT$XIZ                DATA
 0002:00000114 00000004H .CRT$XPA                DATA
 0002:00000118 00000004H .CRT$XPZ                DATA
 0002:0000011c 00000004H .CRT$XTA                DATA
 0002:00000120 00000010H .CRT$XTZ                DATA
 0002:00000124 00000000H .gfids$y                DATA
 0002:00000130 00001ca0H .rdata                  DATA
 0002:00001dd0 00000004H .rdata$sxdata           DATA
 0002:00001dd4 000002acH .rdata$zzzdbg           DATA
 0002:00002080 00000004H .rtc$IAA                DATA
 0002:00002084 00000004H .rtc$IZZ                DATA
 0002:00002088 00000004H .rtc$TAA                DATA
 0002:0000208c 00000004H .rtc$TZZ                DATA
 0002:00002090 00000080H .xdata$x                DATA
 0002:00002110 0000005cH .edata                  DATA
 0002:0000216c 0000003cH .idata$2                DATA
 0002:000021a8 00000014H .idata$3                DATA
 0002:000021bc 00000100H .idata$4                DATA
 0002:000022bc 000003deH .idata$6                DATA
 0003:00000000 00015da0H .data                   DATA
 0003:00015da0 0046409cH .bss                    DATA
 0004:00000000 00000060H .rsrc$01                DATA
 0004:00000060 00000180H .rsrc$02                DATA

  Address         Publics by Value              Rva+Base       Lib:Object

 0000:00000000       ___hybrid_code_map         00000000     <absolute>
 0000:00000000       ___guard_fids_table        00000000     <absolute>
 0000:00000000       ___guard_iat_table         00000000     <absolute>
 0000:00000000       ___guard_iat_count         00000000     <absolute>
 0000:00000000       ___enclave_config          00000000     <absolute>
 0000:00000000       ___volatile_metadata       00000000     <absolute>
 0000:00000000       ___hybrid_auxiliary_iat    00000000     <absolute>
 0000:00000000       ___guard_longjmp_count     00000000     <absolute>
 0000:00000000       ___dynamic_value_reloc_table 00000000     <absolute>
 0000:00000000       ___hybrid_code_map_count   00000000     <absolute>
 0000:00000000       ___guard_fids_count        00000000     <absolute>
 0000:00000000       ___guard_longjmp_table     00000000     <absolute>
 0000:00000001       ___safe_se_handler_count   00000001     <absolute>
 0000:00000100       ___guard_flags             00000100     <absolute>
 0000:00000000       ___ImageBase               10000000     <linker-defined>
 0001:00000000       _BG_GetWeaponStats         10001000 f   bg_misc.obj
 0001:00000060       _BG_GetWeaponMaxAmmo       10001060 f   bg_misc.obj
 0001:00000080       _BG_GetHandicapScalar      10001080 f   bg_misc.obj
 0001:00000100       _BG_GetWeaponAmmoPackSize  10001100 f   bg_misc.obj
 0001:00000130       _BG_GetWeaponAmmoPackMaxStack 10001130 f   bg_misc.obj
 0001:00000160       _BG_ItemTagForWeapon       10001160 f   bg_misc.obj
 0001:00000190       _BG_WeaponForItemTag       10001190 f   bg_misc.obj
 0001:000001c0       _BG_ItemTagForHoldable     100011c0 f   bg_misc.obj
 0001:000001e0       _BG_HoldableForItemTag     100011e0 f   bg_misc.obj
 0001:00000200       _BG_PlayerHasPersistantPowerup 10001200 f   bg_misc.obj
 0001:00000290       _BG_GetArmorUpperBound     10001290 f   bg_misc.obj
 0001:000002c0       _BG_GetHealthUpperBound    100012c0 f   bg_misc.obj
 0001:00000310       _BG_UpdateArmorTierFromCurrentArmor 10001310 f   bg_misc.obj
 0001:000003b0       _BG_ClearArmorTierIfEmpty  100013b0 f   bg_misc.obj
 0001:000003f0       _BG_GetArmorRegenTarget    100013f0 f   bg_misc.obj
 0001:00000450       _BG_ApplyArmorPickup       10001450 f   bg_misc.obj
 0001:000006c0       _BG_FindItem               100016c0 f   bg_misc.obj
 0001:00000710       _BG_FindItemByClassname    10001710 f   bg_misc.obj
 0001:00000770       _BG_FindItemByTypeAndTag   10001770 f   bg_misc.obj
 0001:000007d0       _BG_FindItemForWeapon      100017d0 f   bg_misc.obj
 0001:00000800       _BG_FindItemForPowerup     10001800 f   bg_misc.obj
 0001:00000910       _BG_FindItemForHoldable    10001910 f   bg_misc.obj
 0001:00000940       _BG_PlayerCarryingFlag     10001940 f   bg_misc.obj
 0001:000009a0       _BG_WeaponName             100019a0 f   bg_misc.obj
 0001:00000a00       _BG_CanItemBeGrabbed       10001a00 f   bg_misc.obj
 0001:00001100       _BG_EvaluateTrajectory     10002100 f   bg_misc.obj
 0001:000015a0       _BG_EvaluateTrajectoryDelta 100025a0 f   bg_misc.obj
 0001:000018c0       _BG_AddPredictableEventToPlayerstate 100028c0 f   bg_misc.obj
 0001:000019a0       _BG_TouchJumpPad           100029a0 f   bg_misc.obj
 0001:00001a70       _BG_PlayerStateToEntityState 10002a70 f   bg_misc.obj
 0001:00001ef0       _BG_PlayerTouchesItem      10002ef0 f   bg_misc.obj
 0001:00002490       _PM_UpdateViewAngles       10003490 f   bg_pmove.obj
 0001:000025a0       _Pmove                     100035a0 f   bg_pmove.obj
 0001:00002700       _PM_GetDefaultSettings     10003700 f   bg_pmove.obj
 0001:00002710       _PM_ClipVelocity           10003710 f   bg_pmove.obj
 0001:00002800       _PM_AddTouchEnt            10003800 f   bg_pmove.obj
 0001:00002880       _PM_AddEvent               10003880 f   bg_pmove.obj
 0001:000028a0       _PM_ApplyStepJump          100038a0 f   bg_pmove.obj
 0001:000029c0       _PM_GetActiveSettings      100039c0 f   bg_pmove.obj
 0001:000088f0       _PmoveSingle               100098f0 f   bg_pmove.obj
 0001:00009100       _PM_SlideMove              1000a100 f   bg_slidemove.obj
 0001:0000a060       _PM_StepSlideMove          1000b060 f   bg_slidemove.obj
 0001:0000b180       _Q_fabs                    1000c180 f   q_math.obj
 0001:0000b1a0       _Q_rsqrt                   1000c1a0 f   q_math.obj
 0001:0000b220       _ClampChar                 1000c220 f   q_math.obj
 0001:0000b240       _ClampShort                1000c240 f   q_math.obj
 0001:0000b270       _DirToByte                 1000c270 f   q_math.obj
 0001:0000b360       _ByteToDir                 1000c360 f   q_math.obj
 0001:0000b430       __DotProduct               1000c430 f   q_math.obj
 0001:0000b4b0       __VectorSubtract           1000c4b0 f   q_math.obj
 0001:0000b550       __VectorAdd                1000c550 f   q_math.obj
 0001:0000b5f0       __VectorCopy               1000c5f0 f   q_math.obj
 0001:0000b650       __VectorScale              1000c650 f   q_math.obj
 0001:0000b6d0       __VectorMA                 1000c6d0 f   q_math.obj
 0001:0000b780       _ColorBytes3               1000c780 f   q_math.obj
 0001:0000b7f0       _ColorBytes4               1000c7f0 f   q_math.obj
 0001:0000b870       _NormalizeColor            1000c870 f   q_math.obj
 0001:0000b9a0       _RadiusFromBounds          1000c9a0 f   q_math.obj
 0001:0000ba50       _ClearBounds               1000ca50 f   q_math.obj
 0001:0000baf0       _AddPointToBounds          1000caf0 f   q_math.obj
 0001:0000bdf0       _VectorNormalize           1000cdf0 f   q_math.obj
 0001:0000bf20       _VectorNormalize2          1000cf20 f   q_math.obj
 0001:0000c090       _Vector4Scale              1000d090 f   q_math.obj
 0001:0000c130       _VectorRotate              1000d130 f   q_math.obj
 0001:0000c2e0       _Q_log2                    1000d2e0 f   q_math.obj
 0001:0000c310       _Q_rand                    1000d310 f   q_math.obj
 0001:0000c330       _Q_random                  1000d330 f   q_math.obj
 0001:0000c360       _Q_crandom                 1000d360 f   q_math.obj
 0001:0000c3a0       _Q_irand                   1000d3a0 f   q_math.obj
 0001:0000c3f0       _vectoangles               1000d3f0 f   q_math.obj
 0001:0000c650       _AnglesToAxis              1000d650 f   q_math.obj
 0001:0000c740       _AxisClear                 1000d740 f   q_math.obj
 0001:0000c850       _AxisCopy                  1000d850 f   q_math.obj
 0001:0000c9e0       _SetPlaneSignbits          1000d9e0 f   q_math.obj
 0001:0000ca40       _BoxOnPlaneSide            1000da40 f   q_math.obj
 0001:0000cc80       _AngleMod                  1000dc80 f   q_math.obj
 0001:0000ccc0       _LerpAngle                 1000dcc0 f   q_math.obj
 0001:0000cd40       _AngleSubtract             1000dd40 f   q_math.obj
 0001:0000cda0       _AnglesSubtract            1000dda0 f   q_math.obj
 0001:0000ce70       _AngleNormalize360         1000de70 f   q_math.obj
 0001:0000ceb0       _AngleNormalize180         1000deb0 f   q_math.obj
 0001:0000cf00       _AngleDelta                1000df00 f   q_math.obj
 0001:0000cf20       _PlaneFromPoints           1000df20 f   q_math.obj
 0001:0000d120       _ProjectPointOnPlane       1000e120 f   q_math.obj
 0001:0000d380       _RotatePointAroundVector   1000e380 f   q_math.obj
 0001:0000d8e0       _RotateAroundDirection     1000e8e0 f   q_math.obj
 0001:0000da00       _MakeNormalVectors         1000ea00 f   q_math.obj
 0001:0000dbc0       _MatrixMultiply            1000ebc0 f   q_math.obj
 0001:0000e1d0       _AngleVectors              1000f1d0 f   q_math.obj
 0001:0000e4d0       _PerpendicularVector       1000f4d0 f   q_math.obj
 0001:0000e5d0       _ShortSwap                 1000f5d0 f   q_shared.obj
 0001:0000e610       _LongSwap                  1000f610 f   q_shared.obj
 0001:0000e670       _FloatSwap                 1000f670 f   q_shared.obj
 0001:0000e6a0       _Com_Clamp                 1000f6a0 f   q_shared.obj
 0001:0000e6d0       _COM_SkipPath              1000f6d0 f   q_shared.obj
 0001:0000e710       _COM_StripExtension        1000f710 f   q_shared.obj
 0001:0000e750       _COM_DefaultExtension      1000f750 f   q_shared.obj
 0001:0000e7e0       _COM_BeginParseSession     1000f7e0 f   q_shared.obj
 0001:0000e810       _COM_GetCurrentParseLine   1000f810 f   q_shared.obj
 0001:0000e820       _COM_Parse                 1000f820 f   q_shared.obj
 0001:0000e840       _COM_ParseExt              1000f840 f   q_shared.obj
 0001:0000eae0       _COM_Compress              1000fae0 f   q_shared.obj
 0001:0000ed00       _COM_ParseError            1000fd00 f   q_shared.obj
 0001:0000ed50       _COM_ParseWarning          1000fd50 f   q_shared.obj
 0001:0000eda0       _COM_MatchToken            1000fda0 f   q_shared.obj
 0001:0000edf0       _SkipBracedSection         1000fdf0 f   q_shared.obj
 0001:0000ee70       _SkipRestOfLine            1000fe70 f   q_shared.obj
 0001:0000eec0       _Parse1DMatrix             1000fec0 f   q_shared.obj
 0001:0000ef30       _Parse2DMatrix             1000ff30 f   q_shared.obj
 0001:0000efa0       _Parse3DMatrix             1000ffa0 f   q_shared.obj
 0001:0000f010       _Com_sprintf               10010010 f   q_shared.obj
 0001:0000f0d0       _Q_isprint                 100100d0 f   q_shared.obj
 0001:0000f0f0       _Q_islower                 100100f0 f   q_shared.obj
 0001:0000f110       _Q_isupper                 10010110 f   q_shared.obj
 0001:0000f130       _Q_isalpha                 10010130 f   q_shared.obj
 0001:0000f160       _Q_stricmp                 10010160 f   q_shared.obj
 0001:0000f1a0       _Q_strncmp                 100101a0 f   q_shared.obj
 0001:0000f220       _Q_stricmpn                10010220 f   q_shared.obj
 0001:0000f300       _Q_strnicmp                10010300 f   q_shared.obj
 0001:0000f320       _Q_strlwr                  10010320 f   q_shared.obj
 0001:0000f360       _Q_strupr                  10010360 f   q_shared.obj
 0001:0000f3a0       _Q_strrchr                 100103a0 f   q_shared.obj
 0001:0000f400       _Q_strncpyz                10010400 f   q_shared.obj
 0001:0000f470       _Q_strcat                  10010470 f   q_shared.obj
 0001:0000f4c0       _Q_strlen                  100104c0 f   q_shared.obj
 0001:0000f4f0       _Q_PrintStrlen             100104f0 f   q_shared.obj
 0001:0000f570       _Q_CleanStr                10010570 f   q_shared.obj
 0001:0000f600       _va                        10010600 f   q_shared.obj
 0001:0000f660       _Info_ValueForKey          10010660 f   q_shared.obj
 0001:0000f7f0       _Info_RemoveKey            100107f0 f   q_shared.obj
 0001:0000f970       _Info_SetValueForKey       10010970 f   q_shared.obj
 0001:0000fb00       _Info_SetValueForKey_Big   10010b00 f   q_shared.obj
 0001:0000fc80       _Info_Validate             10010c80 f   q_shared.obj
 0001:0000fcc0       _Info_NextPair             10010cc0 f   q_shared.obj
 0001:0000fdb0       _ShortNoSwap               10010db0 f   q_shared.obj
 0001:0000fdc0       _LongNoSwap                10010dc0 f   q_shared.obj
 0001:0000fdd0       _Long64Swap                10010dd0 f   q_shared.obj
 0001:0000fe10       _Long64NoSwap              10010e10 f   q_shared.obj
 0001:0000fe20       _FloatNoSwap               10010e20 f   q_shared.obj
 0001:0000fe80       _Info_RemoveKey_Big        10010e80 f   q_shared.obj
 0001:00010010       ___local_stdio_printf_options 10011010 f i q_shared.obj
 0001:00010020       __vsnprintf_l              10011020 f i q_shared.obj
 0001:00010080       _vsprintf                  10011080 f i q_shared.obj
 0001:000100c0       _String_Alloc              100110c0 f   ui_shared.obj
 0001:00010220       _String_Init               10011220 f   ui_shared.obj
 0001:000102b0       _String_Report             100112b0 f   ui_shared.obj
 0001:00010380       _Init_Display              10011380 f   ui_shared.obj
 0001:00010390       _Menu_Init                 10011390 f   ui_shared.obj
 0001:00010410       _Item_Init                 10011410 f   ui_shared.obj
 0001:00010470       _Menu_PostParse            10011470 f   ui_shared.obj
 0001:000104e0       _Menu_GetFocused           100114e0 f   ui_shared.obj
 0001:00010540       _Menu_HandleKey            10011540 f   ui_shared.obj
 0001:00010bc0       _Menu_HandleMouseMove      10011bc0 f   ui_shared.obj
 0001:00010e30       _Menu_ScrollFeeder         10011e30 f   ui_shared.obj
 0001:00010ec0       _Float_Parse               10011ec0 f   ui_shared.obj
 0001:00010f10       _Color_Parse               10011f10 f   ui_shared.obj
 0001:00010f70       _Int_Parse                 10011f70 f   ui_shared.obj
 0001:00010fc0       _Rect_Parse                10011fc0 f   ui_shared.obj
 0001:00011030       _String_Parse              10012030 f   ui_shared.obj
 0001:00011080       _PC_Float_Parse            10012080 f   ui_shared.obj
 0001:00011160       _PC_Color_Parse            10012160 f   ui_shared.obj
 0001:000111c0       _PC_Int_Parse              100121c0 f   ui_shared.obj
 0001:00011290       _PC_Rect_Parse             10012290 f   ui_shared.obj
 0001:00011300       _PC_String_Parse           10012300 f   ui_shared.obj
 0001:00011360       _PC_Script_Parse           10012360 f   ui_shared.obj
 0001:000114b0       _Menu_Count                100124b0 f   ui_shared.obj
 0001:000114c0       _Menu_New                  100124c0 f   ui_shared.obj
 0001:00011520       _Menu_PaintAll             10012520 f   ui_shared.obj
 0001:00011640       _Menus_ActivateByName      10012640 f   ui_shared.obj
 0001:00011710       _Menu_Reset                10012710 f   ui_shared.obj
 0001:00011720       _Menus_AnyVisible          10012720 f   ui_shared.obj
 0001:00011770       _Menus_AnyFullScreenVisible 10012770 f   ui_shared.obj
 0001:000117d0       _Menus_Activate            100127d0 f   ui_shared.obj
 0001:00011880       _Display_GetContext        10012880 f   ui_shared.obj
 0001:00011890       _Display_CaptureItem       10012890 f   ui_shared.obj
 0001:00011900       _Display_MouseMove         10012900 f   ui_shared.obj
 0001:000119b0       _Display_CursorType        100129b0 f   ui_shared.obj
 0001:00011a80       _Display_KeyBindPending    10012a80 f   ui_shared.obj
 0001:00011a90       _Menus_OpenByName          10012a90 f   ui_shared.obj
 0001:00011ab0       _Menus_FindByName          10012ab0 f   ui_shared.obj
 0001:00011b10       _Menus_ShowByName          10012b10 f   ui_shared.obj
 0001:00011b40       _Menus_CloseByName         10012b40 f   ui_shared.obj
 0001:00011b90       _Menu_ShowItemByName       10012b90 f   ui_shared.obj
 0001:00011c40       _Display_HandleKey         10012c40 f   ui_shared.obj
 0001:00011c90       _LerpColor                 10012c90 f   ui_shared.obj
 0001:00011d30       _Menus_CloseAll            10012d30 f   ui_shared.obj
 0001:00011da0       _Menu_Paint                10012da0 f   ui_shared.obj
 0001:00012060       _Menu_SetFeederSelection   10013060 f   ui_shared.obj
 0001:00012170       _Display_CacheAll          10013170 f   ui_shared.obj
 0001:000121b0       _UI_Alloc                  100131b0 f   ui_shared.obj
 0001:00012230       _UI_InitMemory             10013230 f   ui_shared.obj
 0001:00012250       _UI_OutOfMemory            10013250 f   ui_shared.obj
 0001:00012260       _Controls_GetConfig        10013260 f   ui_shared.obj
 0001:000122d0       _Controls_SetConfig        100132d0 f   ui_shared.obj
 0001:00012380       _Controls_SetDefaults      10013380 f   ui_shared.obj
 0001:000123d0       _UI_NormalizeFontPath      100133d0 f   ui_shared.obj
 0001:00012480       _Item_RunScript            10013480 f   ui_shared.obj
 0001:00012610       _Item_SetupKeywordHash     10013610 f   ui_shared.obj
 0001:00012670       _Menu_SetupKeywordHash     10013670 f   ui_shared.obj
 0001:000126d0       _BindingIDFromName         100136d0 f   ui_shared.obj
 0001:00012720       _Item_Bind_HandleKey       10013720 f   ui_shared.obj
 0001:00012a40       _Item_Slider_Paint         10013a40 f   ui_shared.obj
 0001:00012d10       _Menu_SetPrevCursorItem    10013d10 f   ui_shared.obj
 0001:00012e70       _Menu_SetNextCursorItem    10013e70 f   ui_shared.obj
 0001:000133d0       _PC_SourceWarning          100143d0 f   ui_shared.obj
 0001:00013490       _PC_SourceError            10014490 f   ui_shared.obj
 0001:00013550       _GradientBar_Paint         10014550 f   ui_shared.obj
 0001:000135d0       _Window_Init               100145d0 f   ui_shared.obj
 0001:00013670       _Fade                      10014670 f   ui_shared.obj
 0001:00013730       _Window_Paint              10014730 f   ui_shared.obj
 0001:00014040       _Item_SetScreenCoords      10015040 f   ui_shared.obj
 0001:00014160       _Item_UpdatePosition       10015160 f   ui_shared.obj
 0001:00014200       _Menu_UpdatePosition       10015200 f   ui_shared.obj
 0001:00014330       _Menu_ClearFocus           10015330 f   ui_shared.obj
 0001:00014410       _IsVisible                 10015410 f   ui_shared.obj
 0001:00014440       _Rect_ContainsPoint        10015440 f   ui_shared.obj
 0001:000144a0       _Menu_ItemsMatchingGroup   100154a0 f   ui_shared.obj
 0001:00014540       _Menu_GetMatchingItemByNumber 10015540 f   ui_shared.obj
 0001:000145f0       _Script_SetColor           100155f0 f   ui_shared.obj
 0001:000146f0       _Script_SetAsset           100156f0 f   ui_shared.obj
 0001:00014710       _Script_SetBackground      10015710 f   ui_shared.obj
 0001:00014750       _Menu_FindItemByName       10015750 f   ui_shared.obj
 0001:00014d70       _Script_SetTeamColor       10015d70 f   ui_shared.obj
 0001:00014de0       _Script_SetItemColor       10015de0 f   ui_shared.obj
 0001:00014f60       _Menu_FadeItemByName       10015f60 f   ui_shared.obj
 0001:00015060       _Script_Show               10016060 f   ui_shared.obj
 0001:000150a0       _Script_Hide               100160a0 f   ui_shared.obj
 0001:000150e0       _Script_FadeIn             100160e0 f   ui_shared.obj
 0001:00015120       _Script_FadeOut            10016120 f   ui_shared.obj
 0001:00015160       _Script_Open               10016160 f   ui_shared.obj
 0001:00015190       _Script_ConditionalOpen    10016190 f   ui_shared.obj
 0001:00015220       _Script_Close              10016220 f   ui_shared.obj
 0001:000152b0       _Menu_TransitionItemByName 100162b0 f   ui_shared.obj
 0001:00015410       _Script_Transition         10016410 f   ui_shared.obj
 0001:00015500       _Menu_OrbitItemByName      10016500 f   ui_shared.obj
 0001:000155c0       _Script_Orbit              100165c0 f   ui_shared.obj
 0001:000156a0       _Script_SetFocus           100166a0 f   ui_shared.obj
 0001:00015770       _Script_SetPlayerModel     10016770 f   ui_shared.obj
 0001:000157b0       _Script_SetPlayerHead      100167b0 f   ui_shared.obj
 0001:000157f0       _Script_SetCvar            100167f0 f   ui_shared.obj
 0001:00015840       _Script_Exec               10016840 f   ui_shared.obj
 0001:00015880       _Script_Play               10016880 f   ui_shared.obj
 0001:00015940       _Script_playLooped         10016940 f   ui_shared.obj
 0001:00015ce0       _Item_EnableShowViaCvar    10016ce0 f   ui_shared.obj
 0001:00015d30       _Item_SetFocus             10016d30 f   ui_shared.obj
 0001:00015f90       _Item_ListBox_MaxScroll    10016f90 f   ui_shared.obj
 0001:00016040       _Item_ListBox_ThumbPosition 10017040 f   ui_shared.obj
 0001:000161b0       _Item_ListBox_ThumbDrawPosition 100171b0 f   ui_shared.obj
 0001:00016360       _Item_Slider_ThumbPosition 10017360 f   ui_shared.obj
 0001:00016480       _Item_Slider_OverSlider    10017480 f   ui_shared.obj
 0001:00016530       _Item_ListBox_OverLB       10017530 f   ui_shared.obj
 0001:00016940       _Item_ListBox_MouseEnter   10017940 f   ui_shared.obj
 0001:00016b50       _Item_MouseEnter           10017b50 f   ui_shared.obj
 0001:00016d20       _Item_MouseLeave           10017d20 f   ui_shared.obj
 0001:00016d90       _Menu_HitTest              10017d90 f   ui_shared.obj
 0001:00016e00       _Item_SetMouseOver         10017e00 f   ui_shared.obj
 0001:00016e40       _Item_OwnerDraw_HandleKey  10017e40 f   ui_shared.obj
 0001:00016e90       _Item_ListBox_HandleKey    10017e90 f   ui_shared.obj
 0001:000176c0       _Item_YesNo_HandleKey      100186c0 f   ui_shared.obj
 0001:000177c0       _Item_Multi_CountSettings  100187c0 f   ui_shared.obj
 0001:000177f0       _Item_Multi_FindCvarByValue 100187f0 f   ui_shared.obj
 0001:00017930       _Item_Multi_Setting        10018930 f   ui_shared.obj
 0001:00017a90       _Item_PresetList_Setting   10018a90 f   ui_shared.obj
 0001:00017b80       _Item_PresetList_FindCvarByValue 10018b80 f   ui_shared.obj
 0001:00017c70       _Item_Multi_HandleKey      10018c70 f   ui_shared.obj
 0001:00017e10       _Item_PresetList_HandleKey 10018e10 f   ui_shared.obj
 0001:00018030       _Item_TextField_HandleKey  10019030 f   ui_shared.obj
 0001:00018bb0       _Item_StartCapture         10019bb0 f   ui_shared.obj
 0001:00018de0       _Item_StopCapture          10019de0 f   ui_shared.obj
 0001:00018df0       _Item_Slider_HandleKey     10019df0 f   ui_shared.obj
 0001:00019000       _Item_HandleKey            1001a000 f   ui_shared.obj
 0001:000191d0       _Item_Action               1001a1d0 f   ui_shared.obj
 0001:00019310       _Display_VisibleMenuCount  1001a310 f   ui_shared.obj
 0001:00019360       _Menus_HandleOOBClick      1001a360 f   ui_shared.obj
 0001:00019550       _ToWindowCoords            1001a550 f   ui_shared.obj
 0001:000195c0       _Rect_ToWindowCoords       1001a5c0 f   ui_shared.obj
 0001:00019890       _Item_SetTextExtents       1001a890 f   ui_shared.obj
 0001:00019b20       _Item_TextColor            1001ab20 f   ui_shared.obj
 0001:00019e60       _Item_Text_AutoWrapped_Paint 1001ae60 f   ui_shared.obj
 0001:0001a230       _Item_Text_Wrapped_Paint   1001b230 f   ui_shared.obj
 0001:0001a460       _Item_Text_Paint           1001b460 f   ui_shared.obj
 0001:0001a580       _Item_TextField_Paint      1001b580 f   ui_shared.obj
 0001:0001a930       _Item_YesNo_Paint          1001b930 f   ui_shared.obj
 0001:0001abd0       _Item_Multi_Paint          1001bbd0 f   ui_shared.obj
 0001:0001ae00       _Item_PresetList_Paint     1001be00 f   ui_shared.obj
 0001:0001b030       _Item_SliderColor_Paint    1001c030 f   ui_shared.obj
 0001:0001b4b0       _BindingFromName           1001c4b0 f   ui_shared.obj
 0001:0001b5c0       _Item_Bind_Paint           1001c5c0 f   ui_shared.obj
 0001:0001b8c0       _AdjustFrom640             1001c8c0 f   ui_shared.obj
 0001:0001b990       _Item_Model_Paint          1001c990 f   ui_shared.obj
 0001:0001be50       _Item_Image_Paint          1001ce50 f   ui_shared.obj
 0001:0001bed0       _Item_ListBox_Paint        1001ced0 f   ui_shared.obj
 0001:0001ca50       _Item_OwnerDraw_Paint      1001da50 f   ui_shared.obj
 0001:0001d0f0       _Item_Paint                1001e0f0 f   ui_shared.obj
 0001:0001d910       _Menu_GetFocusedItem       1001e910 f   ui_shared.obj
 0001:0001d970       _Item_ValidateTypeData     1001e970 f   ui_shared.obj
 0001:0001dad0       _KeywordHash_Key           1001ead0 f   ui_shared.obj
 0001:0001db70       _KeywordHash_Add           1001eb70 f   ui_shared.obj
 0001:0001dbb0       _KeywordHash_Find          1001ebb0 f   ui_shared.obj
 0001:0001dc10       _ItemParse_name            1001ec10 f   ui_shared.obj
 0001:0001dc40       _ItemParse_focusSound      1001ec40 f   ui_shared.obj
 0001:0001dc90       _ItemParse_text            1001ec90 f   ui_shared.obj
 0001:0001dcc0       _ItemParse_group           1001ecc0 f   ui_shared.obj
 0001:0001dcf0       _ItemParse_asset_model     1001ecf0 f   ui_shared.obj
 0001:0001dd60       _ItemParse_asset_shader    1001ed60 f   ui_shared.obj
 0001:0001dda0       _ItemParse_model_origin    1001eda0 f   ui_shared.obj
 0001:0001de30       _ItemParse_model_fovx      1001ee30 f   ui_shared.obj
 0001:0001de70       _ItemParse_model_fovy      1001ee70 f   ui_shared.obj
 0001:0001deb0       _ItemParse_model_rotation  1001eeb0 f   ui_shared.obj
 0001:0001def0       _ItemParse_model_angle     1001eef0 f   ui_shared.obj
 0001:0001df30       _ItemParse_rect            1001ef30 f   ui_shared.obj
 0001:0001df60       _ItemParse_widescreen      1001ef60 f   ui_shared.obj
 0001:0001dfb0       _ItemParse_style           1001efb0 f   ui_shared.obj
 0001:0001dfe0       _ItemParse_decoration      1001efe0 f   ui_shared.obj
 0001:0001e000       _ItemParse_notselectable   1001f000 f   ui_shared.obj
 0001:0001e050       _ItemParse_wrapped         1001f050 f   ui_shared.obj
 0001:0001e070       _ItemParse_autowrapped     1001f070 f   ui_shared.obj
 0001:0001e090       _ItemParse_horizontalscroll 1001f090 f   ui_shared.obj
 0001:0001e0b0       _ItemParse_type            1001f0b0 f   ui_shared.obj
 0001:0001e0f0       _ItemParse_elementwidth    1001f0f0 f   ui_shared.obj
 0001:0001e130       _ItemParse_elementheight   1001f130 f   ui_shared.obj
 0001:0001e170       _ItemParse_feeder          1001f170 f   ui_shared.obj
 0001:0001e1a0       _ItemParse_elementtype     1001f1a0 f   ui_shared.obj
 0001:0001e1f0       _ItemParse_columns         1001f1f0 f   ui_shared.obj
 0001:0001e2f0       _ItemParse_border          1001f2f0 f   ui_shared.obj
 0001:0001e320       _ItemParse_bordersize      1001f320 f   ui_shared.obj
 0001:0001e350       _ItemParse_visible         1001f350 f   ui_shared.obj
 0001:0001e390       _ItemParse_ownerdraw       1001f390 f   ui_shared.obj
 0001:0001e3d0       _ItemParse_align           1001f3d0 f   ui_shared.obj
 0001:0001e400       _ItemParse_textalign       1001f400 f   ui_shared.obj
 0001:0001e430       _ItemParse_textalignx      1001f430 f   ui_shared.obj
 0001:0001e460       _ItemParse_textaligny      1001f460 f   ui_shared.obj
 0001:0001e490       _ItemParse_font            1001f490 f   ui_shared.obj
 0001:0001e4c0       _ItemParse_textscale       1001f4c0 f   ui_shared.obj
 0001:0001e4f0       _ItemParse_textstyle       1001f4f0 f   ui_shared.obj
 0001:0001e520       _ItemParse_backcolor       1001f520 f   ui_shared.obj
 0001:0001e580       _ItemParse_forecolor       1001f580 f   ui_shared.obj
 0001:0001e5f0       _ItemParse_bordercolor     1001f5f0 f   ui_shared.obj
 0001:0001e650       _ItemParse_outlinecolor    1001f650 f   ui_shared.obj
 0001:0001e680       _ItemParse_background      1001f680 f   ui_shared.obj
 0001:0001e6c0       _ItemParse_cinematic       1001f6c0 f   ui_shared.obj
 0001:0001e6f0       _ItemParse_doubleClick     1001f6f0 f   ui_shared.obj
 0001:0001e750       _ItemParse_cellId          1001f750 f   ui_shared.obj
 0001:0001e780       _ItemParse_defaultContent  1001f780 f   ui_shared.obj
 0001:0001e7b0       _ItemParse_onFocus         1001f7b0 f   ui_shared.obj
 0001:0001e7e0       _ItemParse_leaveFocus      1001f7e0 f   ui_shared.obj
 0001:0001e810       _ItemParse_mouseEnter      1001f810 f   ui_shared.obj
 0001:0001e840       _ItemParse_mouseExit       1001f840 f   ui_shared.obj
 0001:0001e870       _ItemParse_mouseEnterText  1001f870 f   ui_shared.obj
 0001:0001e8a0       _ItemParse_mouseExitText   1001f8a0 f   ui_shared.obj
 0001:0001e8d0       _ItemParse_action          1001f8d0 f   ui_shared.obj
 0001:0001e900       _ItemParse_precision       1001f900 f   ui_shared.obj
 0001:0001e930       _ItemParse_special         1001f930 f   ui_shared.obj
 0001:0001e9a0       _ItemParse_cvarTest        1001f9a0 f   ui_shared.obj
 0001:0001e9c0       _ItemParse_cvarTest2       1001f9c0 f   ui_shared.obj
 0001:0001e9e0       _ItemParse_cvarTest3       1001f9e0 f   ui_shared.obj
 0001:0001ea00       _ItemParse_cvarTest4       1001fa00 f   ui_shared.obj
 0001:0001ea20       _ItemParse_cvar            1001fa20 f   ui_shared.obj
 0001:0001eab0       _ItemParse_cvara           1001fab0 f   ui_shared.obj
 0001:0001eb10       _ItemParse_maxChars        1001fb10 f   ui_shared.obj
 0001:0001eb70       _ItemParse_maxPaintChars   1001fb70 f   ui_shared.obj
 0001:0001ebd0       _ItemParse_cvarFloat       1001fbd0 f   ui_shared.obj
 0001:0001ec80       _ItemParse_cvarInt         1001fc80 f   ui_shared.obj
 0001:0001ed50       _ItemParse_cvarPreset      1001fd50 f   ui_shared.obj
 0001:0001ef50       _ItemParse_cvarStrList     1001ff50 f   ui_shared.obj
 0001:0001f130       _ItemParse_cvarFloatList   10020130 f   ui_shared.obj
 0001:0001f2f0       _ItemParse_addColorRange   100202f0 f   ui_shared.obj
 0001:0001f3a0       _ItemParse_ownerdrawFlag   100203a0 f   ui_shared.obj
 0001:0001f430       _ItemParse_enableCvar      10020430 f   ui_shared.obj
 0001:0001f450       _ItemParse_disableCvar     10020450 f   ui_shared.obj
 0001:0001f470       _ItemParse_showCvar        10020470 f   ui_shared.obj
 0001:0001f490       _ItemParse_hideCvar        10020490 f   ui_shared.obj
 0001:0001f510       _ItemParse_showCvar2       10020510 f   ui_shared.obj
 0001:0001f530       _ItemParse_hideCvar2       10020530 f   ui_shared.obj
 0001:0001f550       _ItemParse_showCvar3       10020550 f   ui_shared.obj
 0001:0001f570       _ItemParse_hideCvar3       10020570 f   ui_shared.obj
 0001:0001f590       _ItemParse_showCvar4       10020590 f   ui_shared.obj
 0001:0001f5b0       _ItemParse_hideCvar4       100205b0 f   ui_shared.obj
 0001:0001f5d0       _Item_Parse                100205d0 f   ui_shared.obj
 0001:0001f700       _Item_InitControls         10020700 f   ui_shared.obj
 0001:0001f770       _MenuParse_font            10020770 f   ui_shared.obj
 0001:0001f860       _MenuParse_name            10020860 f   ui_shared.obj
 0001:0001f8b0       _MenuParse_fullscreen      100208b0 f   ui_shared.obj
 0001:0001f8f0       _MenuParse_widescreen      100208f0 f   ui_shared.obj
 0001:0001f940       _MenuParse_rect            10020940 f   ui_shared.obj
 0001:0001f970       _MenuParse_style           10020970 f   ui_shared.obj
 0001:0001f9a0       _MenuParse_visible         100209a0 f   ui_shared.obj
 0001:0001f9f0       _MenuParse_onOpen          100209f0 f   ui_shared.obj
 0001:0001fa30       _MenuParse_onClose         10020a30 f   ui_shared.obj
 0001:0001fa70       _MenuParse_onESC           10020a70 f   ui_shared.obj
 0001:0001fab0       _MenuParse_border          10020ab0 f   ui_shared.obj
 0001:0001fae0       _MenuParse_borderSize      10020ae0 f   ui_shared.obj
 0001:0001fb10       _MenuParse_backcolor       10020b10 f   ui_shared.obj
 0001:0001fb70       _MenuParse_forecolor       10020b70 f   ui_shared.obj
 0001:0001fbe0       _MenuParse_bordercolor     10020be0 f   ui_shared.obj
 0001:0001fc40       _MenuParse_focuscolor      10020c40 f   ui_shared.obj
 0001:0001fca0       _MenuParse_disablecolor    10020ca0 f   ui_shared.obj
 0001:0001fd00       _MenuParse_outlinecolor    10020d00 f   ui_shared.obj
 0001:0001fd40       _MenuParse_background      10020d40 f   ui_shared.obj
 0001:0001fd90       _MenuParse_backgroundSize  10020d90 f   ui_shared.obj
 0001:0001fdd0       _MenuParse_cinematic       10020dd0 f   ui_shared.obj
 0001:0001fe00       _MenuParse_ownerdrawFlag   10020e00 f   ui_shared.obj
 0001:0001fe40       _MenuParse_ownerdraw       10020e40 f   ui_shared.obj
 0001:0001fe70       _MenuParse_popup           10020e70 f   ui_shared.obj
 0001:0001fea0       _MenuParse_outOfBounds     10020ea0 f   ui_shared.obj
 0001:0001fed0       _MenuParse_soundLoop       10020ed0 f   ui_shared.obj
 0001:0001ff10       _MenuParse_fadeClamp       10020f10 f   ui_shared.obj
 0001:0001ff50       _MenuParse_fadeAmount      10020f50 f   ui_shared.obj
 0001:0001ff90       _MenuParse_fadeCycle       10020f90 f   ui_shared.obj
 0001:0001ffd0       _MenuParse_itemDef         10020fd0 f   ui_shared.obj
 0001:000200b0       _Menu_Parse                100210b0 f   ui_shared.obj
 0001:00020330       _CG_ConsoleCommand         10021330 f   cg_consolecmds.obj
 0001:000203e0       _CG_InitConsoleCommands    100213e0 f   cg_consolecmds.obj
 0001:00020690       _CG_TargetCommand_f        10021690 f   cg_consolecmds.obj
 0001:00021ed0       _CG_ClearQueuedWorldMarkers 10022ed0 f   cg_draw.obj
 0001:00021ef0       _CG_AllocQueuedWorldMarker 10022ef0 f   cg_draw.obj
 0001:00021f40       _CG_AllocQueuedWorldMarkerForKey 10022f40 f   cg_draw.obj
 0001:00021fe0       _CG_POIMarkerSizeForOrigin 10022fe0 f   cg_draw.obj
 0001:000220f0       _CG_ShouldDrawPOIMarkerMode 100230f0 f   cg_draw.obj
 0001:000221a0       _CG_UpdateQueuedWorldMarkers 100231a0 f   cg_draw.obj
 0001:000222e0       _CG_DrawQueuedWorldMarkers 100232e0 f   cg_draw.obj
 0001:00022620       _CG_AddLagometerFrameInfo  10023620 f   cg_draw.obj
 0001:00022660       _CG_AddLagometerSnapshotInfo 10023660 f   cg_draw.obj
 0001:000226d0       _CG_CenterPrint            100236d0 f   cg_draw.obj
 0001:00022750       _CG_DrawHead               10023750 f   cg_draw.obj
 0001:00022a10       _CG_DrawActive             10023a10 f   cg_draw.obj
 0001:00022ca0       _CG_DrawFlagModel          10023ca0 f   cg_draw.obj
 0001:00022f50       _CG_GetObituaryIcon        10023f50 f   cg_draw.obj
 0001:00023160       _CG_ObituaryColorForIndex  10024160 f   cg_draw.obj
 0001:000232d0       _CG_DrawTeamBackground     100242d0 f   cg_draw.obj
 0001:000233e0       _CG_Text_Paint             100243e0 f   cg_draw.obj
 0001:00023750       _CG_Text_Width             10024750 f   cg_draw.obj
 0001:00023880       _CG_Text_Height            10024880 f   cg_draw.obj
 0001:000239c0       _CG_RecordSpectatorItemPickup 100249c0 f   cg_draw.obj
 0001:00023bb0       _CG_ClearSpectatorItemPickups 10024bb0 f   cg_draw.obj
 0001:00023c00       _CG_UpdateSpectatorItemPickups 10024c00 f   cg_draw.obj
 0001:00023d90       _CG_Draw3DModel            10024d90 f   cg_draw.obj
 0001:00023f20       _CG_Text_PaintChar         10024f20 f   cg_draw.obj
 0001:00023fd0       _CG_ShouldDrawSpriteSelf   10024fd0 f   cg_draw.obj
 0001:00024000       _CG_ShouldDrawTieredArmor  10025000 f   cg_draw.obj
 0001:00024030       _CG_ShouldDrawSpeedometer  10025030 f   cg_draw.obj
 0001:0002c180       _CG_DrawTimedMenus         1002d180 f   cg_draw.obj
 0001:0002c6e0       _CG_AdjustFrom640          1002d6e0 f   cg_drawtools.obj
 0001:0002c770       _CG_SetAdjustFrom640Mode   1002d770 f   cg_drawtools.obj
 0001:0002c780       _CG_FillRect               1002d780 f   cg_drawtools.obj
 0001:0002c820       _CG_DrawPic                1002d820 f   cg_drawtools.obj
 0001:0002c8b0       _CG_DrawStringExt          1002d8b0 f   cg_drawtools.obj
 0001:0002caf0       _CG_DrawBigString          1002daf0 f   cg_drawtools.obj
 0001:0002cbb0       _CG_DrawBigStringColor     1002dbb0 f   cg_drawtools.obj
 0001:0002cc00       _CG_DrawSmallString        1002dc00 f   cg_drawtools.obj
 0001:0002cca0       _CG_DrawSmallStringColor   1002dca0 f   cg_drawtools.obj
 0001:0002ccd0       _CG_DrawStrlen             1002dcd0 f   cg_drawtools.obj
 0001:0002cd40       _CG_FadeColor              1002dd40 f   cg_drawtools.obj
 0001:0002ce20       _CG_TeamColor              1002de20 f   cg_drawtools.obj
 0001:0002ce60       _CG_TileClear              1002de60 f   cg_drawtools.obj
 0001:0002cf60       _CG_ColorForHealth         1002df60 f   cg_drawtools.obj
 0001:0002cfa0       _CG_GetColorForHealth      1002dfa0 f   cg_drawtools.obj
 0001:0002d130       _UI_DrawProportionalString 1002e130 f   cg_drawtools.obj
 0001:0002d4e0       _CG_DrawRect               1002e4e0 f   cg_drawtools.obj
 0001:0002d580       _CG_DrawSides              1002e580 f   cg_drawtools.obj
 0001:0002d680       _CG_DrawTopBottom          1002e680 f   cg_drawtools.obj
 0001:0002d840       _CG_DrawChar               1002e840 f   cg_drawtools.obj
 0001:0002dc40       _UI_DrawBannerString       1002ec40 f   cg_drawtools.obj
 0001:0002dd90       _UI_ProportionalStringWidth 1002ed90 f   cg_drawtools.obj
 0001:0002e030       _UI_ProportionalSizeScale  1002f030 f   cg_drawtools.obj
 0001:0002e150       _CG_SmokePuff              1002f150 f   cg_effects.obj
 0001:0002e4e0       _CG_BubbleTrail            1002f4e0 f   cg_effects.obj
 0001:0002ea50       _CG_SpawnEffect            1002fa50 f   cg_effects.obj
 0001:0002ebf0       _CG_KamikazeEffect         1002fbf0 f   cg_effects.obj
 0001:0002ed90       _CG_ObeliskExplode         1002fd90 f   cg_effects.obj
 0001:0002eeb0       _CG_ObeliskPain            1002feb0 f   cg_effects.obj
 0001:0002ef10       _CG_InvulnerabilityImpact  1002ff10 f   cg_effects.obj
 0001:0002f0d0       _CG_InvulnerabilityJuiced  100300d0 f   cg_effects.obj
 0001:0002f2c0       _CG_LightningBoltBeam      100302c0 f   cg_effects.obj
 0001:0002f420       _CG_LightningDischargeEffect 10030420 f   cg_effects.obj
 0001:0002f4e0       _CG_ScorePlum              100304e0 f   cg_effects.obj
 0001:0002f780       _CG_ThawPlayer             10030780 f   cg_effects.obj
 0001:0002f9a0       _CG_GibPlayer              100309a0 f   cg_effects.obj
 0001:0002feb0       _CG_BigExplode             10030eb0 f   cg_effects.obj
 0001:0002fed0       _CG_BigExplodeJuiced       10030ed0 f   cg_effects.obj
 0001:0002fef0       _CG_Bleed                  10030ef0 f   cg_effects.obj
 0001:0002fff0       _CG_MakeExplosion          10030ff0 f   cg_effects.obj
 0001:00030bc0       _CG_LaunchExplode          10031bc0 f   cg_effects.obj
 0001:000315d0       _CG_LaunchGib              100325d0 f   cg_effects.obj
 0001:000318a0       _CG_SetEntitySoundPosition 100328a0 f   cg_ents.obj
 0001:000319b0       _CG_AddPacketEntities      100329b0 f   cg_ents.obj
 0001:00031bd0       _CG_Beam                   10032bd0 f   cg_ents.obj
 0001:00031df0       _CG_AdjustPositionForMover 10032df0 f   cg_ents.obj
 0001:000320e0       _CG_PositionEntityOnTag    100330e0 f   cg_ents.obj
 0001:000322c0       _CG_PositionRotatedEntityOnTag 100332c0 f   cg_ents.obj
 0001:00036690       _CG_CheckEvents            10037690 f   cg_event.obj
 0001:00036770       _CG_PlaceString            10037770 f   cg_event.obj
 0001:000368c0       _CG_GetOvertimeCount       100378c0 f   cg_event.obj
 0001:00036970       _CG_EntityEvent            10037970 f   cg_event.obj
 0001:00038ce0       _CG_PainEvent              10039ce0 f   cg_event.obj
 0001:00038d80       _CG_PruneObituaryFeed      10039d80 f   cg_event.obj
 0001:00038dc0       _CG_DamagePlumsEnabled     10039dc0 f   cg_event.obj
 0001:00038df0       _CG_ShouldRenderDamagePlumForWeapon 10039df0 f   cg_event.obj
 0001:00038e30       _CG_GetDamagePlumColorStyle 10039e30 f   cg_event.obj
 0001:00038e40       _CG_StartScoreboardTimer   10039e40 f   cg_event.obj
 0001:00038e70       _CG_StopScoreboardTimer    10039e70 f   cg_event.obj
 0001:00038ea0       _CG_GetScoreboardTimerSeconds 10039ea0 f   cg_event.obj
 0001:0003b980       _CG_ResetLoadingState      1003c980 f   cg_info.obj
 0001:0003b9d0       _CG_AdvanceLoadingProgress 1003c9d0 f   cg_info.obj
 0001:0003b9f0       _CG_LoadingString          1003c9f0 f   cg_info.obj
 0001:0003ba10       _CG_LoadingItem            1003ca10 f   cg_info.obj
 0001:0003ba70       _CG_LoadingClient          1003ca70 f   cg_info.obj
 0001:0003bc60       _CG_DrawInformation        1003cc60 f   cg_info.obj
 0001:0003c560       _CG_InitLocalEntities      1003d560 f   cg_localents.obj
 0001:0003c5e0       _CG_AllocLocalEntity       1003d5e0 f   cg_localents.obj
 0001:0003c660       _CG_AddLocalEntities       1003d660 f   cg_localents.obj
 0001:0003ca40       _CG_FreeLocalEntity        1003da40 f   cg_localents.obj
 0001:0003ca90       _CG_BloodTrail             1003da90 f   cg_localents.obj
 0001:0003cd10       _CG_FragmentBounceMark     1003dd10 f   cg_localents.obj
 0001:0003d010       _CG_FragmentBounceSound    1003e010 f   cg_localents.obj
 0001:0003d0f0       _CG_ReflectVelocity        1003e0f0 f   cg_localents.obj
 0001:0003d810       _CG_AddFragment            1003e810 f   cg_localents.obj
 0001:0003d840       _CG_AddFadeRGB             1003e840 f   cg_localents.obj
 0001:0003f630       _CG_AddKamikaze            10040630 f   cg_localents.obj
 0001:0003f650       _CG_AddInvulnerabilityImpact 10040650 f   cg_localents.obj
 0001:0003f670       _CG_AddInvulnerabilityJuiced 10040670 f   cg_localents.obj
 0001:0003f7d0       _CG_AddRefEntity           100407d0 f   cg_localents.obj
 0001:0003f810       _CG_AddScorePlum           10040810 f   cg_localents.obj
 0001:00040120       _Com_Error                 10041120 f   cg_main.obj
 0001:00040180       _Com_Printf                10041180 f   cg_main.obj
 0001:000401e0       _CG_ConfigString           100411e0 f   cg_main.obj
 0001:00040220       _CG_Argv                   10041220 f   cg_main.obj
 0001:00040240       _CG_Printf                 10041240 f   cg_main.obj
 0001:000402c0       _CG_Error                  100412c0 f   cg_main.obj
 0001:00040320       _CG_StartMusic             10041320 f   cg_main.obj
 0001:000403b0       _CG_UpdateCvars            100413b0 f   cg_main.obj
 0001:00040940       _CG_CrosshairPlayer        10041940 f   cg_main.obj
 0001:00040970       _CG_LastAttacker           10041970 f   cg_main.obj
 0001:000409a0       _CG_GetChatHistoryLength   100419a0 f   cg_main.obj
 0001:000409e0       _CG_ShouldDisplayVoiceIndicator 100419e0 f   cg_main.obj
 0001:00040a10       _CG_InitBrowserRuntime     10041a10 f   cg_main.obj
 0001:00040a20       _CG_ResetBrowserOverlayState 10041a20 f   cg_main.obj
 0001:00040a40       _CG_SetBrowserFeederSelection 10041a40 f   cg_main.obj
 0001:00040a60       _CG_LoadMenus              10041a60 f   cg_main.obj
 0001:00040c70       _CG_LoadHudMenu            10041c70 f   cg_main.obj
 0001:00040d10       _CG_RegisterCountryFlag    10041d10 f   cg_main.obj
 0001:00040dc0       _CG_SetScoreSelection      10041dc0 f   cg_main.obj
 0001:00040ea0       _CG_BuildSpectatorString   10041ea0 f   cg_main.obj
 0001:00041290       _CG_SetClientSpeakingState 10042290 f   cg_main.obj
 0001:00041310       _CG_PushPrintString        10042310 f   cg_main.obj
 0001:00041710       _CG_GetColorForIndex       10042710 f   cg_main.obj
 0001:000417b0       _CG_ColorCharToIndex       100427b0 f   cg_main.obj
 0001:00041810       _CG_StartingWeaponIndexFromToken 10042810 f   cg_main.obj
 0001:000418e0       _CG_HandleAutoActionsIntermission 100428e0 f   cg_main.obj
 0001:00041a10       _CG_RunQueuedAutoActions   10042a10 f   cg_main.obj
 0001:00041a90       _CG_Init                   10042a90 f   cg_main.obj
 0001:00041ed0       _CG_Shutdown               10042ed0 f   cg_main.obj
 0001:00041f00       _CG_RegisterCvars          10042f00 f   cg_main.obj
 0001:00042a50       _CG_Cvar_GetString         10043a50 f   cg_main.obj
 0001:00042af0       _vmMain                    10043af0 f   cg_main.obj
 0001:00042d20       _CG_GetNativeExportTable   10043d20 f   cg_main.obj
 0001:000474d0       _CG_GetMenuBuffer          100484d0 f   cg_main.obj
 0001:000475a0       _CG_Asset_Parse            100485a0 f   cg_main.obj
 0001:00047af0       _CG_ParseMenu              10048af0 f   cg_main.obj
 0001:00047c00       _CG_Load_Menu              10048c00 f   cg_main.obj
 0001:0004a040       _CG_Text_PaintWithCursor   1004b040 f   cg_main.obj
 0001:0004abe0       _CG_AssetCache             1004bbe0 f   cg_main.obj
 0001:0004ae60       _CG_KeyEvent               1004be60 f   cg_newdraw.obj
 0001:0004af60       _CG_MouseEvent             1004bf60 f   cg_newdraw.obj
 0001:0004b0a0       _CG_EventHandling          1004c0a0 f   cg_newdraw.obj
 0001:0004b0e0       _CG_GetSelectedScore       1004c0e0 f   cg_newdraw.obj
 0001:0004b120       _CG_RaceResetState         1004c120 f   cg_newdraw.obj
 0001:0004b1c0       _CG_ParseRaceInfoString    1004c1c0 f   cg_newdraw.obj
 0001:0004b3d0       _CG_ParseRaceStatusString  1004c3d0 f   cg_newdraw.obj
 0001:0004b7b0       _CG_RacePlayCue            1004c7b0 f   cg_newdraw.obj
 0001:0004b820       _CG_OwnerDraw              1004c820 f   cg_newdraw.obj
 0001:0004d220       _CG_SelectPrevPlayer       1004e220 f   cg_newdraw.obj
 0001:0004d270       _CG_SelectNextPlayer       1004e270 f   cg_newdraw.obj
 0001:0004d2b0       _CG_SpectatorFollowCycle   1004e2b0 f   cg_newdraw.obj
 0001:0004d3c0       _CG_SpectatorTrackEvent    1004e3c0 f   cg_newdraw.obj
 0001:0004d450       _CG_UpdateSpectatorTracking 1004e450 f   cg_newdraw.obj
 0001:0004d530       _CG_IsSpectatorCamera      1004e530 f   cg_newdraw.obj
 0001:0004d5a0       _CG_SpectatorFollowRequest 1004e5a0 f   cg_newdraw.obj
 0001:0004d640       _CG_StopSpectatorFollow    1004e640 f   cg_newdraw.obj
 0001:0004d670       _CG_SetSpectatorCameraLock 1004e670 f   cg_newdraw.obj
 0001:0004d710       _CG_GetValue               1004e710 f   cg_newdraw.obj
 0001:0004d8d0       _CG_OwnerDrawVisible       1004e8d0 f   cg_newdraw.obj
 0001:0004de30       _CG_RunMenuScript          1004ee30 f   cg_newdraw.obj
 0001:0004e150       _CG_ShowResponseHead       1004f150 f   cg_newdraw.obj
 0001:0004e180       _CG_SetPrintString         1004f180 f   cg_newdraw.obj
 0001:0004e1d0       _CG_InitTeamChat           1004f1d0 f   cg_newdraw.obj
 0001:0004e260       _CG_GetTeamColor           1004f260 f   cg_newdraw.obj
 0001:0004e3a0       _CG_GetTeamName            1004f3a0 f   cg_newdraw.obj
 0001:0004e460       _CG_GetGameStatusText      1004f460 f   cg_newdraw.obj
 0001:0004e5f0       _CG_GetKillerText          1004f5f0 f   cg_newdraw.obj
 0001:0004e630       _CG_GetRaceStatusText      1004f630 f   cg_newdraw.obj
 0001:0004e680       _CG_GetRaceTimesPrimaryText 1004f680 f   cg_newdraw.obj
 0001:0004e6d0       _CG_GetRaceTimesSecondaryText 1004f6d0 f   cg_newdraw.obj
 0001:0004e720       _CG_CheckOrderPending      1004f720 f   cg_newdraw.obj
 0001:0004e950       _CG_GameTypeString         1004f950 f   cg_newdraw.obj
 0001:0004ea10       _CG_RegisterGameTypeIcons  1004fa10 f   cg_newdraw.obj
 0001:0004eb90       _CG_YourTeamHasFlag        1004fb90 f   cg_newdraw.obj
 0001:0004ec40       _CG_OtherTeamHasFlag       1004fc40 f   cg_newdraw.obj
 0001:0004ecf0       _CG_StatusHandle           1004fcf0 f   cg_newdraw.obj
 0001:0004eda0       _CG_ShouldDrawAccOverlay   1004fda0 f   cg_newdraw.obj
 0001:0004ee10       _CG_DrawNewTeamInfo        1004fe10 f   cg_newdraw.obj
 0001:0004f340       _CG_DrawTeamSpectators     10050340 f   cg_newdraw.obj
 0001:0004f5b0       _CG_DrawMedal              100505b0 f   cg_newdraw.obj
 0001:0004f880       _CG_TeamOverlayXValue      10050880 f   cg_newdraw.obj
 0001:0004f890       _CG_TeamOverlayYValue      10050890 f   cg_newdraw.obj
 0001:0004f8a0       _CG_TeamOverlaySizeValue   100508a0 f   cg_newdraw.obj
 0001:0004f8b0       _CG_TeamOverlayOpacityValue 100508b0 f   cg_newdraw.obj
 0001:0004f8c0       _CG_IsSelfOnTeamOverlay    100508c0 f   cg_newdraw.obj
 0001:0005a620       _CG_GetSelectedPlayer      1005b620 f   cg_newdraw.obj
 0001:0005ec60       _CG_HideTeamMenu           1005fc60 f   cg_newdraw.obj
 0001:0005ecc0       _CG_ShowTeamMenu           1005fcc0 f   cg_newdraw.obj
 0001:0005ef30       _CG_ClientNumFromName      1005ff30 f   cg_newdraw.obj
 0001:0005f330       _CG_InitMarkPolys          10060330 f   cg_marks.obj
 0001:0005f3b0       _CG_AddMarks               100603b0 f   cg_marks.obj
 0001:0005f6b0       _CG_ImpactMark             100606b0 f   cg_marks.obj
 0001:0005ff20       _CG_FreeMarkPoly           10060f20 f   cg_marks.obj
 0001:0005ff70       _CG_AllocMark              10060f70 f   cg_marks.obj
 0001:00060160       _CG_ClearParticles         10061160 f   cg_particles.obj
 0001:000602a0       _CG_AddParticles           100612a0 f   cg_particles.obj
 0001:00060830       _CG_ParticleExplosion      10061830 f   cg_particles.obj
 0001:00060ac0       _CG_NewParticleArea        10061ac0 f   cg_particles.obj
 0001:00067d40       _CG_SnowLink               10068d40 f   cg_particles.obj
 0001:00067f40       _CG_Player                 10068f40 f   cg_players.obj
 0001:00069810       _CG_ResetPlayerEntity      1006a810 f   cg_players.obj
 0001:00069a90       _CG_AddRefEntityWithPowerups 1006aa90 f   cg_players.obj
 0001:00069b70       _CG_NewClientInfo          1006ab70 f   cg_players.obj
 0001:0006a2b0       _CG_ApplyModelOverrides    1006b2b0 f   cg_players.obj
 0001:0006a310       _CG_RefreshClientHeadOffsets 1006b310 f   cg_players.obj
 0001:0006a360       _CG_CustomSound            1006b360 f   cg_players.obj
 0001:0006a430       _CG_LoadDeferredPlayers    1006b430 f   cg_players.obj
 0001:00071a00       _CG_LightVerts             10072a00 f   cg_players.obj
 0001:00071cf0       _CG_Respawn                10072cf0 f   cg_playerstate.obj
 0001:00071d90       _CG_TransitionPlayerState  10072d90 f   cg_playerstate.obj
 0001:00071f00       _CG_CheckChangedPredictableEvents 10072f00 f   cg_playerstate.obj
 0001:00072000       _pushReward                10073000 f   cg_playerstate.obj
 0001:00072070       _CG_CheckAmmo              10073070 f   cg_playerstate.obj
 0001:00072180       _CG_DamageFeedback         10073180 f   cg_playerstate.obj
 0001:00072a00       _CG_CheckPlayerstateEvents 10073a00 f   cg_playerstate.obj
 0001:00072c10       _CG_CheckLocalSounds       10073c10 f   cg_playerstate.obj
 0001:00073890       _CG_BuildSolidList         10074890 f   cg_predict.obj
 0001:000739a0       _CG_PointContents          100749a0 f   cg_predict.obj
 0001:00073a60       _CG_Trace                  10074a60 f   cg_predict.obj
 0001:00073b30       _CG_PredictPlayerState     10074b30 f   cg_predict.obj
 0001:00075350       _CG_DamageBlendBlob        10076350 f   cg_screen.obj
 0001:00075760       _CG_DrawJoinGameMenu       10076760 f   cg_screen.obj
 0001:00075cf0       _CG_DrawOldScoreboard      10076cf0 f   cg_scoreboard.obj
 0001:00076620       _CG_DrawOldTourneyScoreboard 10077620 f   cg_scoreboard.obj
 0001:000769d0       _CG_BuildHudScoreboard     100779d0 f   cg_scoreboard.obj
 0001:00076a80       _CG_GetHudScoreboard       10077a80 f   cg_scoreboard.obj
 0001:00076a90       _CG_GetHudScoreboardEntry  10077a90 f   cg_scoreboard.obj
 0001:00076b20       _CG_GetHudScoreboardTeamCount 10077b20 f   cg_scoreboard.obj
 0001:00076b50       _CG_TouchCompetitiveScores 10077b50 f   cg_scoreboard.obj
 0001:000789a0       _CG_ExecuteNewServerCommands 100799a0 f   cg_servercmds.obj
 0001:000789e0       _CG_ParseServerinfo        100799e0 f   cg_servercmds.obj
 0001:00078ea0       _CG_SetConfigValues        10079ea0 f   cg_servercmds.obj
 0001:00079110       _CG_GetMatchTimeoutStartTime 1007a110 f   cg_servercmds.obj
 0001:00079120       _CG_ParsePmoveConfigString 1007a120 f   cg_servercmds.obj
 0001:00079170       _CG_LoadVoiceChats         1007a170 f   cg_servercmds.obj
 0001:00079290       _CG_ShaderStateChanged     1007a290 f   cg_servercmds.obj
 0001:000794b0       _CG_VoiceChatLocal         1007a4b0 f   cg_servercmds.obj
 0001:00079650       _CG_PlayBufferedVoiceChats 1007a650 f   cg_servercmds.obj
 0001:00080a90       _CG_ParseVoiceChats        10081a90 f   cg_servercmds.obj
 0001:00080fb0       _CG_HeadModelVoiceChats    10081fb0 f   cg_servercmds.obj
 0001:00081150       _CG_GetVoiceChat           10082150 f   cg_servercmds.obj
 0001:00081220       _CG_VoiceChatListForClient 10082220 f   cg_servercmds.obj
 0001:00081680       _CG_PlayVoiceChat          10082680 f   cg_servercmds.obj
 0001:00081770       _CG_AddBufferedVoiceChat   10082770 f   cg_servercmds.obj
 0001:00081800       _CG_VoiceChat              10082800 f   cg_servercmds.obj
 0001:000827b0       _CG_QueueClientInfoContextRefresh 100837b0 f   cg_snapshot.obj
 0001:000827d0       _CG_ProcessSnapshots       100837d0 f   cg_snapshot.obj
 0001:00082b10       _CG_SetInitialSnapshot     10083b10 f   cg_snapshot.obj
 0001:000830a0       _trap_PC_AddGlobalDefine   100840a0 f   cg_syscalls.obj
 0001:000830c0       _trap_PC_LoadSource        100840c0 f   cg_syscalls.obj
 0001:000830e0       _trap_PC_FreeSource        100840e0 f   cg_syscalls.obj
 0001:00083100       _trap_PC_ReadToken         10084100 f   cg_syscalls.obj
 0001:00083120       _trap_PC_SourceFileAndLine 10084120 f   cg_syscalls.obj
 0001:00083140       _trap_Print                10084140 f   cg_syscalls.obj
 0001:00083160       _trap_Error                10084160 f   cg_syscalls.obj
 0001:00083180       _trap_Milliseconds         10084180 f   cg_syscalls.obj
 0001:00083190       _trap_Cvar_Register        10084190 f   cg_syscalls.obj
 0001:000831b0       _trap_Cvar_Update          100841b0 f   cg_syscalls.obj
 0001:000831d0       _trap_Cvar_Set             100841d0 f   cg_syscalls.obj
 0001:000831f0       _trap_Cvar_VariableValue   100841f0 f   cg_syscalls.obj
 0001:00083250       _trap_Cvar_VariableStringBuffer 10084250 f   cg_syscalls.obj
 0001:00083270       _trap_Argc                 10084270 f   cg_syscalls.obj
 0001:00083280       _trap_Argv                 10084280 f   cg_syscalls.obj
 0001:000832a0       _trap_Args                 100842a0 f   cg_syscalls.obj
 0001:000832c0       _trap_FS_FOpenFile         100842c0 f   cg_syscalls.obj
 0001:000832e0       _trap_FS_Read              100842e0 f   cg_syscalls.obj
 0001:00083300       _trap_FS_Write             10084300 f   cg_syscalls.obj
 0001:00083320       _trap_FS_FCloseFile        10084320 f   cg_syscalls.obj
 0001:00083340       _trap_FS_Seek              10084340 f   cg_syscalls.obj
 0001:00083360       _trap_SendConsoleCommand   10084360 f   cg_syscalls.obj
 0001:00083380       _trap_AddCommand           10084380 f   cg_syscalls.obj
 0001:000833a0       _trap_RemoveCommand        100843a0 f   cg_syscalls.obj
 0001:000833c0       _trap_SendClientCommand    100843c0 f   cg_syscalls.obj
 0001:000833e0       _trap_UpdateScreen         100843e0 f   cg_syscalls.obj
 0001:000833f0       _trap_CM_LoadMap           100843f0 f   cg_syscalls.obj
 0001:00083410       _trap_CM_NumInlineModels   10084410 f   cg_syscalls.obj
 0001:00083420       _trap_CM_InlineModel       10084420 f   cg_syscalls.obj
 0001:00083440       _trap_CM_LoadModel         10084440 f   cg_syscalls.obj
 0001:00083460       _trap_CM_TempBoxModel      10084460 f   cg_syscalls.obj
 0001:00083480       _trap_CM_TempCapsuleModel  10084480 f   cg_syscalls.obj
 0001:000834a0       _trap_CM_PointContents     100844a0 f   cg_syscalls.obj
 0001:000834c0       _trap_CM_TransformedPointContents 100844c0 f   cg_syscalls.obj
 0001:000834e0       _trap_CM_BoxTrace          100844e0 f   cg_syscalls.obj
 0001:00083510       _trap_CM_CapsuleTrace      10084510 f   cg_syscalls.obj
 0001:00083540       _trap_CM_TransformedBoxTrace 10084540 f   cg_syscalls.obj
 0001:00083580       _trap_CM_TransformedCapsuleTrace 10084580 f   cg_syscalls.obj
 0001:000835c0       _trap_CM_MarkFragments     100845c0 f   cg_syscalls.obj
 0001:000835f0       _trap_S_StartSound         100845f0 f   cg_syscalls.obj
 0001:00083610       _trap_S_StopLoopingSound   10084610 f   cg_syscalls.obj
 0001:00083630       _trap_S_StartLocalSound    10084630 f   cg_syscalls.obj
 0001:00083650       _trap_S_ClearLoopingSounds 10084650 f   cg_syscalls.obj
 0001:00083680       _trap_S_AddLoopingSound    10084680 f   cg_syscalls.obj
 0001:000836a0       _trap_S_AddRealLoopingSound 100846a0 f   cg_syscalls.obj
 0001:000836c0       _trap_S_UpdateEntityPosition 100846c0 f   cg_syscalls.obj
 0001:000836e0       _trap_S_Respatialize       100846e0 f   cg_syscalls.obj
 0001:00083700       _trap_S_RegisterSound      10084700 f   cg_syscalls.obj
 0001:00083740       _trap_S_StartBackgroundTrack 10084740 f   cg_syscalls.obj
 0001:00083760       _trap_S_StopBackgroundTrack 10084760 f   cg_syscalls.obj
 0001:00083770       _trap_R_LoadWorldMap       10084770 f   cg_syscalls.obj
 0001:00083790       _trap_R_RegisterModel      10084790 f   cg_syscalls.obj
 0001:000837b0       _trap_R_RegisterSkin       100847b0 f   cg_syscalls.obj
 0001:000837d0       _trap_R_RegisterShader     100847d0 f   cg_syscalls.obj
 0001:000837f0       _trap_R_RegisterShaderNoMip 100847f0 f   cg_syscalls.obj
 0001:00083810       _trap_R_ClearScene         10084810 f   cg_syscalls.obj
 0001:00083820       _trap_R_AddRefEntityToScene 10084820 f   cg_syscalls.obj
 0001:00083840       _trap_R_AddPolyToScene     10084840 f   cg_syscalls.obj
 0001:00083860       _trap_R_AddPolysToScene    10084860 f   cg_syscalls.obj
 0001:00083880       _trap_R_AddLightToScene    10084880 f   cg_syscalls.obj
 0001:000838f0       _trap_R_AddAdditiveLightToScene 100848f0 f   cg_syscalls.obj
 0001:00083960       _trap_R_LightForPoint      10084960 f   cg_syscalls.obj
 0001:00083980       _trap_R_RenderScene        10084980 f   cg_syscalls.obj
 0001:000839a0       _trap_R_SetColor           100849a0 f   cg_syscalls.obj
 0001:000839c0       _trap_R_DrawStretchPic     100849c0 f   cg_syscalls.obj
 0001:00083a80       _trap_R_ModelBounds        10084a80 f   cg_syscalls.obj
 0001:00083aa0       _trap_R_LerpTag            10084aa0 f   cg_syscalls.obj
 0001:00083ae0       _trap_R_RemapShader        10084ae0 f   cg_syscalls.obj
 0001:00083b00       _trap_GetGlconfig          10084b00 f   cg_syscalls.obj
 0001:00083b20       _trap_GetGameState         10084b20 f   cg_syscalls.obj
 0001:00083b40       _trap_GetCurrentSnapshotNumber 10084b40 f   cg_syscalls.obj
 0001:00083b60       _trap_GetSnapshot          10084b60 f   cg_syscalls.obj
 0001:00083ba0       _trap_GetServerCommand     10084ba0 f   cg_syscalls.obj
 0001:00083bd0       _trap_GetCurrentCmdNumber  10084bd0 f   cg_syscalls.obj
 0001:00083be0       _trap_GetUserCmd           10084be0 f   cg_syscalls.obj
 0001:00083c20       _trap_SetUserCmdValue      10084c20 f   cg_syscalls.obj
 0001:00083c50       _testPrintInt              10084c50 f   cg_syscalls.obj
 0001:00083c70       _testPrintFloat            10084c70 f   cg_syscalls.obj
 0001:00083ca0       _trap_MemoryRemaining      10084ca0 f   cg_syscalls.obj
 0001:00083cb0       _trap_R_RegisterFont       10084cb0 f   cg_syscalls.obj
 0001:00083cd0       _trap_Key_IsDown           10084cd0 f   cg_syscalls.obj
 0001:00083d00       _trap_Key_GetCatcher       10084d00 f   cg_syscalls.obj
 0001:00083d10       _trap_Key_SetCatcher       10084d10 f   cg_syscalls.obj
 0001:00083d30       _trap_Key_GetKey           10084d30 f   cg_syscalls.obj
 0001:00083d50       _trap_Key_KeynumToStringBuf 10084d50 f   cg_syscalls.obj
 0001:00083d70       _trap_Key_GetBindingBuf    10084d70 f   cg_syscalls.obj
 0001:00083d90       _trap_Key_SetBinding       10084d90 f   cg_syscalls.obj
 0001:00083db0       _trap_Key_GetOverstrikeMode 10084db0 f   cg_syscalls.obj
 0001:00083de0       _trap_Key_SetOverstrikeMode 10084de0 f   cg_syscalls.obj
 0001:00083e10       _trap_Cmd_ExecuteText      10084e10 f   cg_syscalls.obj
 0001:00083e30       _trap_RealTime             10084e30 f   cg_syscalls.obj
 0001:00083e50       _trap_QL_Cvar_RegisterRange 10084e50 f   cg_syscalls.obj
 0001:00083ea0       _trap_QL_Cvar_Reset        10084ea0 f   cg_syscalls.obj
 0001:00083ed0       _trap_QL_FS_GetFileList    10084ed0 f   cg_syscalls.obj
 0001:00083f10       _trap_QL_S_StartSoundVolume 10084f10 f   cg_syscalls.obj
 0001:00083f50       _trap_QL_S_StartLocalSoundVolume 10084f50 f   cg_syscalls.obj
 0001:00083f90       _trap_QL_SetupAdvertCellShader 10084f90 f   cg_syscalls.obj
 0001:00083fd0       _trap_QL_RefreshAdvertCellShader 10084fd0 f   cg_syscalls.obj
 0001:00084010       _trap_QL_SetActiveAdvert   10085010 f   cg_syscalls.obj
 0001:00084040       _trap_QL_UpdateAdvert      10085040 f   cg_syscalls.obj
 0001:00084070       _trap_QL_AdvertisementBridge_SetMapPath 10085070 f   cg_syscalls.obj
 0001:000840a0       _trap_QL_IsClientMuted     100850a0 f   cg_syscalls.obj
 0001:000840d0       _trap_QL_ToggleClientMute  100850d0 f   cg_syscalls.obj
 0001:00084100       _trap_AdvertisementBridge_InitCGame 10085100 f   cg_syscalls.obj
 0001:00084110       _trap_AdvertisementBridge_ShutdownCGame 10085110 f   cg_syscalls.obj
 0001:00084120       _trap_AdvertisementBridge_UpdateLoadingViewParameters 10085120 f   cg_syscalls.obj
 0001:00084130       _trap_AdvertisementBridge_SetFrameTime 10085130 f   cg_syscalls.obj
 0001:00084150       _trap_QL_AdvertisementBridge_UpdateViewParameters 10085150 f   cg_syscalls.obj
 0001:00084170       _trap_QL_AdvertisementBridge_ClearDelay 10085170 f   cg_syscalls.obj
 0001:00084190       _trap_QL_TaggedCvarStringBuffer 10085190 f   cg_syscalls.obj
 0001:000841c0       _trap_QL_R_MirrorPoint     100851c0 f   cg_syscalls.obj
 0001:00084200       _trap_QL_R_MirrorVector    10085200 f   cg_syscalls.obj
 0001:00084240       _trap_QL_DrawScaledText    10085240 f   cg_syscalls.obj
 0001:000842b0       _trap_QL_MeasureText       100852b0 f   cg_syscalls.obj
 0001:00084300       _trap_QL_GetAvatarImageHandle 10085300 f   cg_syscalls.obj
 0001:00084330       _trap_CIN_PlayCinematic    10085330 f   cg_syscalls.obj
 0001:00084360       _trap_CIN_StopCinematic    10085360 f   cg_syscalls.obj
 0001:00084380       _trap_CIN_RunCinematic     10085380 f   cg_syscalls.obj
 0001:000843a0       _trap_CIN_DrawCinematic    100853a0 f   cg_syscalls.obj
 0001:000843c0       _trap_CIN_SetExtents       100853c0 f   cg_syscalls.obj
 0001:000843f0       _trap_SnapVector           100853f0 f   cg_syscalls.obj
 0001:00084410       _trap_GetEntityToken       10085410 f   cg_syscalls.obj
 0001:00084450       _trap_R_inPVS              10085450 f   cg_syscalls.obj
 0001:00084c50       _dllEntry                  10085c50 f   cg_syscalls.obj
 0001:00084c90       _PASSFLOAT                 10085c90 f   cg_syscalls.obj
 0001:00084d00       _CG_TestModel_f            10085d00 f   cg_view.obj
 0001:00084ef0       _CG_TestGun_f              10085ef0 f   cg_view.obj
 0001:00084f10       _CG_TestModelNextFrame_f   10085f10 f   cg_view.obj
 0001:00084f40       _CG_TestModelPrevFrame_f   10085f40 f   cg_view.obj
 0001:00084f80       _CG_TestModelNextSkin_f    10085f80 f   cg_view.obj
 0001:00084fb0       _CG_TestModelPrevSkin_f    10085fb0 f   cg_view.obj
 0001:00084ff0       _CG_ZoomDown_f             10085ff0 f   cg_view.obj
 0001:00085070       _CG_ZoomUp_f               10086070 f   cg_view.obj
 0001:00085090       _CG_AddBufferedSound       10086090 f   cg_view.obj
 0001:00085140       _CG_ClearBufferedAnnouncements 10086140 f   cg_view.obj
 0001:00085150       _CG_DrawActiveFrame        10086150 f   cg_view.obj
 0001:00088610       _CG_NextWeapon_f           10089610 f   cg_weapons.obj
 0001:00088620       _CG_PrevWeapon_f           10089620 f   cg_weapons.obj
 0001:00088630       _CG_Weapon_f               10089630 f   cg_weapons.obj
 0001:00088740       _CG_SetWeaponSelect        10089740 f   cg_weapons.obj
 0001:00088780       _CG_RegisterWeapon         10089780 f   cg_weapons.obj
 0001:00089750       _CG_RegisterItemVisuals    1008a750 f   cg_weapons.obj
 0001:00089880       _CG_FireWeapon             1008a880 f   cg_weapons.obj
 0001:00089af0       _CG_MissileHitWall         1008aaf0 f   cg_weapons.obj
 0001:0008a340       _CG_MissileHitPlayer       1008b340 f   cg_weapons.obj
 0001:0008a3b0       _CG_ShotgunFire            1008b3b0 f   cg_weapons.obj
 0001:0008a680       _CG_Bullet                 1008b680 f   cg_weapons.obj
 0001:0008a810       _CG_RailTrail              1008b810 f   cg_weapons.obj
 0001:0008b420       _CG_GrappleTrail           1008c420 f   cg_weapons.obj
 0001:0008b780       _CG_AddViewWeapon          1008c780 f   cg_weapons.obj
 0001:0008bd20       _CG_AddPlayerWeapon        1008cd20 f   cg_weapons.obj
 0001:0008c650       _CG_DrawWeaponSelect       1008d650 f   cg_weapons.obj
 0001:0008c660       _CG_BuildPredictedRailForPlayerState 1008d660 f   cg_weapons.obj
 0001:0008cce0       _CG_BuildPredictedBeamForPlayerState 1008dce0 f   cg_weapons.obj
 0001:0008d290       _CG_SelectHighestWeaponExcluding 1008e290 f   cg_weapons.obj
 0001:0008d310       _CG_OutOfAmmoChange        1008e310 f   cg_weapons.obj
 0001:00091d60       _CG_Tracer                 10092d60 f   cg_weapons.obj
 0001:00092d30       @__security_check_cookie@4 10093d30 f   MSVCRTD:secchk.obj
 0001:00092d50       ___raise_securityfailure   10093d50 f   MSVCRTD:gs_report.obj
 0001:00092d80       ___report_gsfailure        10093d80 f   MSVCRTD:gs_report.obj
 0001:00092e90       ___report_rangecheckfailure 10093e90 f   MSVCRTD:gs_report.obj
 0001:00092ea0       ___report_securityfailure  10093ea0 f   MSVCRTD:gs_report.obj
 0001:00092f80       ___report_securityfailureEx 10093f80 f   MSVCRTD:gs_report.obj
 0001:000930b0       __alloca_probe             100940b0 f   MSVCRTD:chkstk.obj
 0001:000930b0       __chkstk                   100940b0 f   MSVCRTD:chkstk.obj
 0001:000930e0       __ftol2_sse                100940e0 f   MSVCRTD:ftol2.obj
 0001:000930e9       __ftol2_pentium4           100940e9 f   MSVCRTD:ftol2.obj
 0001:000930fc       __ftol2_sse_excpt          100940fc f   MSVCRTD:ftol2.obj
 0001:00093120       __ftol2                    10094120 f   MSVCRTD:ftol2.obj
 0001:000931a0       __allmul                   100941a0 f   MSVCRTD:llmul.obj
 0001:000931e0       __aulldiv                  100941e0 f   MSVCRTD:ulldiv.obj
 0001:00093250       __aullshr                  10094250 f   MSVCRTD:ullshr.obj
 0001:00093710       __CRT_INIT@12              10094710 f   MSVCRTD:dll_dllmain.obj
 0001:00093730       __DllMainCRTStartup@12     10094730 f   MSVCRTD:dll_dllmain.obj
 0001:00093760       ___isa_available_init      10094760 f   MSVCRTD:cpu_disp.obj
 0001:00093ab0       ___security_init_cookie    10094ab0 f   MSVCRTD:gs_support.obj
 0001:00093b30       _DllMain@12                10094b30 f   MSVCRTD:dll_dllmain_stub.obj
 0001:00093b60       ?__scrt_initialize_type_info@@YAXXZ 10094b60 f   MSVCRTD:tncleanup.obj
 0001:00093b70       ?__scrt_uninitialize_type_info@@YAXXZ 10094b70 f   MSVCRTD:tncleanup.obj
 0001:00093b90       ___local_stdio_scanf_options 10094b90 f i MSVCRTD:default_local_stdio_options.obj
 0001:00093ba0       ___scrt_initialize_default_local_stdio_options 10094ba0 f   MSVCRTD:default_local_stdio_options.obj
 0001:00093be0       ??$__crt_fast_decode_pointer@PAP6AXXZ@@YAPAP6AXXZQAP6AXXZ@Z 10094be0 f i MSVCRTD:utility.obj
 0001:00093c10       ??$__crt_fast_encode_pointer@PAP6AXXZ@@YAPAP6AXXZQAP6AXXZ@Z 10094c10 f i MSVCRTD:utility.obj
 0001:00093c40       ?__crt_rotate_pointer_value@@YAIIH@Z 10094c40 f i MSVCRTD:utility.obj
 0001:00093c50       ?configure_argv@__scrt_narrow_argv_policy@@SAHXZ 10094c50 f i MSVCRTD:utility.obj
 0001:00093d00       ?initialize_environment@__scrt_narrow_environment_policy@@SAHXZ 10094d00 f i MSVCRTD:utility.obj
 0001:00093d80       _NtCurrentTeb              10094d80 f i MSVCRTD:utility.obj
 0001:00093d90       ___scrt_acquire_startup_lock 10094d90 f   MSVCRTD:utility.obj
 0001:00093de0       ___scrt_dllmain_after_initialize_c 10094de0 f   MSVCRTD:utility.obj
 0001:00093e10       ___scrt_dllmain_before_initialize_c 10094e10 f   MSVCRTD:utility.obj
 0001:00093e30       ___scrt_dllmain_crt_thread_attach 10094e30 f   MSVCRTD:utility.obj
 0001:00093e60       ___scrt_dllmain_crt_thread_detach 10094e60 f   MSVCRTD:utility.obj
 0001:00093e80       ___scrt_dllmain_exception_filter 10094e80 f   MSVCRTD:utility.obj
 0001:00093ed0       ___scrt_dllmain_uninitialize_c 10094ed0 f   MSVCRTD:utility.obj
 0001:00093f00       ___scrt_dllmain_uninitialize_critical 10094f00 f   MSVCRTD:utility.obj
 0001:00093f20       ___scrt_initialize_crt     10094f20 f   MSVCRTD:utility.obj
 0001:00093f80       ___scrt_initialize_onexit_tables 10094f80 f   MSVCRTD:utility.obj
 0001:00094060       ___scrt_is_nonwritable_in_current_image 10095060 f   MSVCRTD:utility.obj
 0001:00094190       ___scrt_release_startup_lock 10095190 f   MSVCRTD:utility.obj
 0001:000941c0       ___scrt_uninitialize_crt   100951c0 f   MSVCRTD:utility.obj
 0001:00094200       __onexit                   10095200 f   MSVCRTD:utility.obj
 0001:00094270       _at_quick_exit             10095270 f   MSVCRTD:utility.obj
 0001:000942c0       _atexit                    100952c0 f   MSVCRTD:utility.obj
 0001:000942f0       ___scrt_get_dyn_tls_init_callback 100952f0 f   MSVCRTD:dyn_tls_init.obj
 0001:00094300       ___scrt_fastfail           10095300 f   MSVCRTD:utility_desktop.obj
 0001:00094440       ___scrt_get_show_window_mode 10095440 f   MSVCRTD:utility_desktop.obj
 0001:00094480       ___scrt_initialize_mta     10095480 f   MSVCRTD:utility_desktop.obj
 0001:00094490       ___scrt_initialize_winrt   10095490 f   MSVCRTD:utility_desktop.obj
 0001:000944a0       ___scrt_is_managed_app     100954a0 f   MSVCRTD:utility_desktop.obj
 0001:00094530       ___scrt_set_unhandled_exception_filter 10095530 f   MSVCRTD:utility_desktop.obj
 0001:00094540       ___scrt_stub_for_initialize_mta 10095540 f   MSVCRTD:utility_desktop.obj
 0001:00094540       ___scrt_exe_initialize_mta 10095540 f   MSVCRTD:utility_desktop.obj
 0001:00094550       ___scrt_unhandled_exception_filter@4 10095550 f   MSVCRTD:utility_desktop.obj
 0001:000945b0       __crt_debugger_hook        100955b0 f   MSVCRTD:utility_desktop.obj
 0001:000945c0       __RTC_Initialize           100955c0 f   MSVCRTD:initsect.obj
 0001:000945f0       __RTC_Terminate            100955f0 f   MSVCRTD:initsect.obj
 0001:00094620       __except_handler4          10095620 f   MSVCRTD:chandler4gs.obj
 0001:00094650       @_guard_check_icall_nop@4  10095650 f i MSVCRTD:guard_support.obj
 0001:00094660       _ReadNoFence               10095660 f i MSVCRTD:guard_support.obj
 0001:00094680       _ReadPointerNoFence        10095680 f i MSVCRTD:guard_support.obj
 0001:000946a0       __guard_icall_checks_enforced 100956a0 f i MSVCRTD:guard_support.obj
 0001:000946d0       __get_startup_argv_mode    100956d0 f   MSVCRTD:argv_mode.obj
 0001:000946e0       ___scrt_is_ucrt_dll_in_use 100956e0 f   MSVCRTD:ucrt_detection.obj
 0001:00094704       _memset                    10095704 f   vcruntimed:VCRUNTIME140D.dll
 0001:0009470a       _memcpy                    1009570a f   vcruntimed:VCRUNTIME140D.dll
 0001:00094710       _strchr                    10095710 f   vcruntimed:VCRUNTIME140D.dll
 0001:00094716       _memmove                   10095716 f   vcruntimed:VCRUNTIME140D.dll
 0001:0009471c       _strstr                    1009571c f   vcruntimed:VCRUNTIME140D.dll
 0001:00094722       _strrchr                   10095722 f   vcruntimed:VCRUNTIME140D.dll
 0001:00094728       ___std_type_info_destroy_list 10095728 f   vcruntimed:VCRUNTIME140D.dll
 0001:0009472e       __except_handler4_common   1009572e f   vcruntimed:VCRUNTIME140D.dll
 0001:00094734       _cos                       10095734 f   ucrtd:ucrtbased.dll
 0001:0009473a       _sin                       1009573a f   ucrtd:ucrtbased.dll
 0001:00094740       _atof                      10095740 f   ucrtd:ucrtbased.dll
 0001:00094746       _abs                       10095746 f   ucrtd:ucrtbased.dll
 0001:0009474c       _fabs                      1009574c f   ucrtd:ucrtbased.dll
 0001:00094752       _sqrt                      10095752 f   ucrtd:ucrtbased.dll
 0001:00094758       __wassert                  10095758 f   ucrtd:ucrtbased.dll
 0001:0009475e       _atan2                     1009575e f   ucrtd:ucrtbased.dll
 0001:00094764       _rand                      10095764 f   ucrtd:ucrtbased.dll
 0001:0009476a       ___stdio_common_vsprintf   1009576a f   ucrtd:ucrtbased.dll
 0001:00094770       _strcat                    10095770 f   ucrtd:ucrtbased.dll
 0001:00094776       _strcmp                    10095776 f   ucrtd:ucrtbased.dll
 0001:0009477c       _strcpy                    1009577c f   ucrtd:ucrtbased.dll
 0001:00094782       _strlen                    10095782 f   ucrtd:ucrtbased.dll
 0001:00094788       _strncpy                   10095788 f   ucrtd:ucrtbased.dll
 0001:0009478e       _toupper                   1009578e f   ucrtd:ucrtbased.dll
 0001:00094794       _tolower                   10095794 f   ucrtd:ucrtbased.dll
 0001:0009479a       _ceil                      1009579a f   ucrtd:ucrtbased.dll
 0001:000947a0       _atoi                      100957a0 f   ucrtd:ucrtbased.dll
 0001:000947a6       _tan                       100957a6 f   ucrtd:ucrtbased.dll
 0001:000947ac       _qsort                     100957ac f   ucrtd:ucrtbased.dll
 0001:000947b2       _acos                      100957b2 f   ucrtd:ucrtbased.dll
 0001:000947b8       _strtoul                   100957b8 f   ucrtd:ucrtbased.dll
 0001:000947be       _floor                     100957be f   ucrtd:ucrtbased.dll
 0001:000947c4       _strtod                    100957c4 f   ucrtd:ucrtbased.dll
 0001:000947ca       _strtol                    100957ca f   ucrtd:ucrtbased.dll
 0001:000947d0       _strtoull                  100957d0 f   ucrtd:ucrtbased.dll
 0001:000947d6       __initterm                 100957d6 f   ucrtd:ucrtbased.dll
 0001:000947dc       __initterm_e               100957dc f   ucrtd:ucrtbased.dll
 0001:000947e2       __seh_filter_dll           100957e2 f   ucrtd:ucrtbased.dll
 0001:000947e8       __configure_narrow_argv    100957e8 f   ucrtd:ucrtbased.dll
 0001:000947ee       __initialize_narrow_environment 100957ee f   ucrtd:ucrtbased.dll
 0001:000947f4       __initialize_onexit_table  100957f4 f   ucrtd:ucrtbased.dll
 0001:000947fa       __register_onexit_function 100957fa f   ucrtd:ucrtbased.dll
 0001:00094800       __execute_onexit_table     10095800 f   ucrtd:ucrtbased.dll
 0001:00094806       __crt_atexit               10095806 f   ucrtd:ucrtbased.dll
 0001:0009480c       __crt_at_quick_exit        1009580c f   ucrtd:ucrtbased.dll
 0001:00094812       __cexit                    10095812 f   ucrtd:ucrtbased.dll
 0001:00094818       _terminate                 10095818 f   ucrtd:ucrtbased.dll
 0001:0009481e       _UnhandledExceptionFilter@4 1009581e f   kernel32:KERNEL32.dll
 0001:00094824       _SetUnhandledExceptionFilter@4 10095824 f   kernel32:KERNEL32.dll
 0001:0009482a       _GetCurrentProcess@0       1009582a f   kernel32:KERNEL32.dll
 0001:00094830       _TerminateProcess@8        10095830 f   kernel32:KERNEL32.dll
 0001:00094836       _IsProcessorFeaturePresent@4 10095836 f   kernel32:KERNEL32.dll
 0001:0009483c       _QueryPerformanceCounter@4 1009583c f   kernel32:KERNEL32.dll
 0001:00094842       _GetCurrentProcessId@0     10095842 f   kernel32:KERNEL32.dll
 0001:00094848       _GetCurrentThreadId@0      10095848 f   kernel32:KERNEL32.dll
 0001:0009484e       _GetSystemTimeAsFileTime@4 1009584e f   kernel32:KERNEL32.dll
 0001:00094854       _DisableThreadLibraryCalls@4 10095854 f   kernel32:KERNEL32.dll
 0001:0009485a       _InitializeSListHead@4     1009585a f   kernel32:KERNEL32.dll
 0001:00094860       _IsDebuggerPresent@0       10095860 f   kernel32:KERNEL32.dll
 0001:00094866       _GetStartupInfoW@4         10095866 f   kernel32:KERNEL32.dll
 0001:0009486c       _GetModuleHandleW@4        1009586c f   kernel32:KERNEL32.dll
 0001:00094880       ___acrt_initialize         10095880 f   MSVCRTD:ucrt_stubs.obj
 0001:00094880       ___vcrt_initialize         10095880 f   MSVCRTD:ucrt_stubs.obj
 0001:00094880       ___scrt_stub_for_acrt_initialize 10095880 f   MSVCRTD:ucrt_stubs.obj
 0001:00094890       ___acrt_thread_attach      10095890 f   MSVCRTD:ucrt_stubs.obj
 0001:00094890       ___scrt_stub_for_acrt_thread_attach 10095890 f   MSVCRTD:ucrt_stubs.obj
 0001:00094890       ___vcrt_thread_attach      10095890 f   MSVCRTD:ucrt_stubs.obj
 0001:000948a0       ___scrt_stub_for_acrt_thread_detach 100958a0 f   MSVCRTD:ucrt_stubs.obj
 0001:000948a0       ___vcrt_thread_detach      100958a0 f   MSVCRTD:ucrt_stubs.obj
 0001:000948a0       ___acrt_thread_detach      100958a0 f   MSVCRTD:ucrt_stubs.obj
 0001:000948b0       ___acrt_uninitialize       100958b0 f   MSVCRTD:ucrt_stubs.obj
 0001:000948b0       ___scrt_stub_for_acrt_uninitialize 100958b0 f   MSVCRTD:ucrt_stubs.obj
 0001:000948b0       ___vcrt_uninitialize       100958b0 f   MSVCRTD:ucrt_stubs.obj
 0001:000948c0       ___acrt_uninitialize_critical 100958c0 f   MSVCRTD:ucrt_stubs.obj
 0001:000948c0       ___vcrt_uninitialize_critical 100958c0 f   MSVCRTD:ucrt_stubs.obj
 0001:000948c0       ___scrt_stub_for_acrt_uninitialize_critical 100958c0 f   MSVCRTD:ucrt_stubs.obj
 0001:000948d0       ___scrt_stub_for_is_c_termination_complete 100958d0 f   MSVCRTD:ucrt_stubs.obj
 0001:000948d0       __is_c_termination_complete 100958d0 f   MSVCRTD:ucrt_stubs.obj
 0002:00000000       __imp__InitializeSListHead@4 10096000     kernel32:KERNEL32.dll
 0002:00000004       __imp__SetUnhandledExceptionFilter@4 10096004     kernel32:KERNEL32.dll
 0002:00000008       __imp__GetCurrentProcess@0 10096008     kernel32:KERNEL32.dll
 0002:0000000c       __imp__TerminateProcess@8  1009600c     kernel32:KERNEL32.dll
 0002:00000010       __imp__IsProcessorFeaturePresent@4 10096010     kernel32:KERNEL32.dll
 0002:00000014       __imp__QueryPerformanceCounter@4 10096014     kernel32:KERNEL32.dll
 0002:00000018       __imp__GetCurrentProcessId@0 10096018     kernel32:KERNEL32.dll
 0002:0000001c       __imp__GetCurrentThreadId@0 1009601c     kernel32:KERNEL32.dll
 0002:00000020       __imp__GetModuleHandleW@4  10096020     kernel32:KERNEL32.dll
 0002:00000024       __imp__GetStartupInfoW@4   10096024     kernel32:KERNEL32.dll
 0002:00000028       __imp__IsDebuggerPresent@0 10096028     kernel32:KERNEL32.dll
 0002:0000002c       __imp__UnhandledExceptionFilter@4 1009602c     kernel32:KERNEL32.dll
 0002:00000030       __imp__DisableThreadLibraryCalls@4 10096030     kernel32:KERNEL32.dll
 0002:00000034       __imp__GetSystemTimeAsFileTime@4 10096034     kernel32:KERNEL32.dll
 0002:00000038       \177KERNEL32_NULL_THUNK_DATA 10096038     kernel32:KERNEL32.dll
 0002:0000003c       __imp__strrchr             1009603c     vcruntimed:VCRUNTIME140D.dll
 0002:00000040       __imp__strstr              10096040     vcruntimed:VCRUNTIME140D.dll
 0002:00000044       __imp__memmove             10096044     vcruntimed:VCRUNTIME140D.dll
 0002:00000048       __imp__strchr              10096048     vcruntimed:VCRUNTIME140D.dll
 0002:0000004c       __imp__memcpy              1009604c     vcruntimed:VCRUNTIME140D.dll
 0002:00000050       __imp____std_type_info_destroy_list 10096050     vcruntimed:VCRUNTIME140D.dll
 0002:00000054       __imp___except_handler4_common 10096054     vcruntimed:VCRUNTIME140D.dll
 0002:00000058       __imp__memset              10096058     vcruntimed:VCRUNTIME140D.dll
[...]
 0003:00016688       _com_lines                 100af688     q_shared.obj
 0003:0001668c       ?index@?1??va@@9@9         100af68c     q_shared.obj
 0003:00016690       ?string@?1??COM_ParseError@@9@9 100af690     q_shared.obj
 0003:00017690       ?string@?1??COM_ParseWarning@@9@9 100b0690     q_shared.obj
 0003:00018690       ?string@?1??va@@9@9        100b1690     q_shared.obj
 0003:00028090       ?value@?1??Info_ValueForKey@@9@9 100c1090     q_shared.obj
 0003:0002c090       ?valueindex@?1??Info_ValueForKey@@9@9 100c5090     q_shared.obj
 0003:0002c094       $SG14990                   100c5094     q_shared.obj
 0003:0002c095       $SG14995                   100c5095     q_shared.obj
 0003:0002c096       $SG14998                   100c5096     q_shared.obj
 0003:0002c098       $SG16458                   100c5098     ui_shared.obj
 0003:0002c0a8       _scrollInfo                100c50a8     ui_shared.obj
 0003:0002c0c8       _captureFunc               100c50c8     ui_shared.obj
 0003:0002c0cc       _captureData               100c50cc     ui_shared.obj
 0003:0002c0d0       _itemCapture               100c50d0     ui_shared.obj
 0003:0002c0d4       _g_waitingForKey           100c50d4     ui_shared.obj
 0003:0002c0d8       _g_editingField            100c50d8     ui_shared.obj
 0003:0002c0dc       _g_bindItem                100c50dc     ui_shared.obj
 0003:0002c0e0       _g_editItem                100c50e0     ui_shared.obj
 0003:0002c0e4       _debugMode                 100c50e4     ui_shared.obj
 0003:0002c0e8       _lastListBoxClickTime      100c50e8     ui_shared.obj
 0003:0002c0ec       _allocPoint                100c50ec     ui_shared.obj
 0003:0002c0f0       _memoryPool                100c50f0     ui_shared.obj
 0003:0004c0f0       _outOfMemory               100e50f0     ui_shared.obj
 0003:0004c0f4       _strPoolIndex              100e50f4     ui_shared.obj
 0003:0004c0f8       _strPool                   100e50f8     ui_shared.obj
 0003:0006c0f8       _strHandleCount            101050f8     ui_shared.obj
 0003:0006c0fc       $SG17926                   101050fc     ui_shared.obj
 0003:0006c0fd       $SG18590                   101050fd     ui_shared.obj
 0003:0006c0fe       $SG18605                   101050fe     ui_shared.obj
 0003:0006c0ff       $SG18846                   101050ff     ui_shared.obj
 0003:0006c100       _strHandle                 10105100     ui_shared.obj
 0003:0006e100       ?string@?1??PC_SourceWarning@@9@9 10107100     ui_shared.obj
 0003:0006f100       ?string@?1??PC_SourceError@@9@9 10108100     ui_shared.obj
 0003:00070100       ?rect@?1??Item_CorrectedTextRect@@9@9 10109100     ui_shared.obj
 0003:00070110       ?inHandleKey@?9??Menu_HandleKey@@9@9 10109110     ui_shared.obj
 0003:00070114       $SG18848                   10109114     ui_shared.obj
 0003:00070115       $SG18853                   10109115     ui_shared.obj
 0003:00070116       $SG18854                   10109116     ui_shared.obj
 0003:00070117       $SG19759                   10109117     ui_shared.obj
 0003:00070118       _cg_pstatsRequestActive    10109118     cg_consolecmds.obj
 0003:00070128       _cg_speedometerHistory     10109128     cg_draw.obj
 0003:00070328       _cg_speedometerHistoryCount 10109328     cg_draw.obj
 0003:0007032c       _cg_speedometerHistoryTime 1010932c     cg_draw.obj
 0003:00070330       _cg_inputCmdUpShader       10109330     cg_draw.obj
 0003:00070334       _cg_inputCmdDownShader     10109334     cg_draw.obj
 0003:00070338       _cg_inputCmdRightShader    10109338     cg_draw.obj
 0003:0007033c       _cg_inputCmdLeftShader     1010933c     cg_draw.obj
 0003:00070340       _cg_spectatorItemPickupBaseY 10109340     cg_draw.obj
 0003:00070344       $SG21309                   10109344     cg_draw.obj
 0003:00070345       $SG21312                   10109345     cg_draw.obj
 0003:00070346       $SG22858                   10109346     cg_draw.obj
 0003:00070348       _cg_queuedWorldMarkers     10109348     cg_draw.obj
 0003:00071048       ?previousTimes@?1??CG_DrawFPS@@9@9 1010a048     cg_draw.obj
 0003:00071058       ?index@?1??CG_DrawFPS@@9@9 1010a058     cg_draw.obj
 0003:0007105c       ?previous@?1??CG_DrawFPS@@9@9 1010a05c     cg_draw.obj
 0003:00071060       ?vignetteShader@?1??CG_DrawScreenVignette@@9@9 1010a060     cg_draw.obj
 0003:00071064       ?proxTime@?1??CG_DrawProxWarning@@9@9 1010a064     cg_draw.obj
 0003:00071068       ?proxCounter@?1??CG_DrawProxWarning@@9@9 1010a068     cg_draw.obj
 0003:0007106c       ?proxTick@?1??CG_DrawProxWarning@@9@9 1010a06c     cg_draw.obj
 0003:00071070       ?color@?1??CG_FadeColor@@9@9 1010a070     cg_drawtools.obj
 0003:00071080       ?lastPos@?1??CG_ScorePlum@@9@9 1010a080     cg_effects.obj
 0003:00071090       ?str@?1??CG_PlaceString@@9@9 1010a090     cg_event.obj
 0003:000710d0       $SG21022                   1010a0d0     cg_event.obj
 0003:000710d1       $SG21418                   1010a0d1     cg_event.obj
 0003:000710d2       $SG21419                   1010a0d2     cg_event.obj
 0003:000710d3       $SG21456                   1010a0d3     cg_event.obj
 0003:000710d4       $SG21520                   1010a0d4     cg_event.obj
 0003:000710d5       $SG21586                   1010a0d5     cg_event.obj
 0003:000710d6       $SG22090                   1010a0d6     cg_event.obj
 0003:000710d7       $SG22093                   1010a0d7     cg_event.obj
 0003:000710d8       $SG22099                   1010a0d8     cg_event.obj
 0003:000710d9       $SG22102                   1010a0d9     cg_event.obj
 0003:000710da       $SG22159                   1010a0da     cg_event.obj
 0003:000710db       $SG22163                   1010a0db     cg_event.obj
 0003:000710dc       $SG22166                   1010a0dc     cg_event.obj
 0003:000710e0       _loadingPlayerIconCount    1010a0e0     cg_info.obj
 0003:000710e4       _loadingItemIconCount      1010a0e4     cg_info.obj
 0003:000710e8       _loadingProgressStage      1010a0e8     cg_info.obj
 0003:000710ec       $SG21061                   1010a0ec     cg_info.obj
 0003:000710f0       _loadingPlayerIcons        1010a0f0     cg_info.obj
 0003:00071130       _loadingItemIcons          1010a130     cg_info.obj
 0003:00071198       $SG21261                   1010a198     cg_main.obj
 0003:00071199       $SG21395                   1010a199     cg_main.obj
 0003:0007119a       $SG21397                   1010a19a     cg_main.obj
 0003:0007119b       $SG21399                   1010a19b     cg_main.obj
 0003:0007119c       $SG21401                   1010a19c     cg_main.obj
 0003:0007119d       $SG21415                   1010a19d     cg_main.obj
 0003:0007119e       $SG21417                   1010a19e     cg_main.obj
 0003:0007119f       $SG21419                   1010a19f     cg_main.obj
 0003:000711a0       $SG21423                   1010a1a0     cg_main.obj
 0003:000711a1       $SG21425                   1010a1a1     cg_main.obj
 0003:000711a2       $SG21427                   1010a1a2     cg_main.obj
 0003:000711a3       $SG21433                   1010a1a3     cg_main.obj
 0003:000711a4       $SG21435                   1010a1a4     cg_main.obj
 0003:000711a5       $SG21437                   1010a1a5     cg_main.obj
 0003:000711a6       $SG21439                   1010a1a6     cg_main.obj
 0003:000711a7       $SG21441                   1010a1a7     cg_main.obj
 0003:000711a8       $SG21443                   1010a1a8     cg_main.obj
 0003:000711a9       $SG21499                   1010a1a9     cg_main.obj
 0003:000711aa       $SG21527                   1010a1aa     cg_main.obj
 0003:000711ab       $SG21601                   1010a1ab     cg_main.obj
 0003:000711ac       $SG21603                   1010a1ac     cg_main.obj
 0003:000711ad       $SG21605                   1010a1ad     cg_main.obj
 0003:000711ae       $SG21607                   1010a1ae     cg_main.obj
 0003:000711af       $SG21673                   1010a1af     cg_main.obj
 0003:000711b0       $SG21675                   1010a1b0     cg_main.obj
 0003:000711b1       $SG21677                   1010a1b1     cg_main.obj
 0003:000711b2       $SG21679                   1010a1b2     cg_main.obj
 0003:000711b3       $SG21681                   1010a1b3     cg_main.obj
 0003:000711b4       $SG21683                   1010a1b4     cg_main.obj
 0003:000711b5       $SG21685                   1010a1b5     cg_main.obj
 0003:000711b6       $SG21687                   1010a1b6     cg_main.obj
 0003:000711b7       $SG21689                   1010a1b7     cg_main.obj
 0003:000711b8       $SG21691                   1010a1b8     cg_main.obj
 0003:000711b9       $SG21693                   1010a1b9     cg_main.obj
 0003:000711ba       $SG21695                   1010a1ba     cg_main.obj
 0003:000711bb       $SG21697                   1010a1bb     cg_main.obj
 0003:000711bc       $SG21699                   1010a1bc     cg_main.obj
 0003:000711bd       $SG21701                   1010a1bd     cg_main.obj
 0003:000711be       $SG21703                   1010a1be     cg_main.obj
 0003:000711bf       $SG21705                   1010a1bf     cg_main.obj
 0003:000711c0       $SG22493                   1010a1c0     cg_main.obj
 0003:000711c1       $SG22007                   1010a1c1     cg_main.obj
 0003:000711c2       $SG22235                   1010a1c2     cg_main.obj
 0003:000711c3       $SG22260                   1010a1c3     cg_main.obj
 0003:000711c4       _cgScoreboardSelectionMenus 1010a1c4     cg_main.obj
 0003:000711cc       $SG23754                   1010a1cc     cg_main.obj
 0003:000711cd       $SG23769                   1010a1cd     cg_main.obj
 0003:000711ce       $SG23779                   1010a1ce     cg_main.obj
 0003:000711cf       $SG23799                   1010a1cf     cg_main.obj
 0003:000711d0       ?buffer@?1??CG_Argv@@9@9   1010a1d0     cg_main.obj
 0003:000715d0       ?buf@?1??CG_GetMenuBuffer@@9@9 1010a5d0     cg_main.obj
 0003:000795d0       ?buf@?1??CG_LoadMenus@@9@9 101125d0     cg_main.obj
 0003:0007a5d0       $SG23810                   101135d0     cg_main.obj
 0003:0007a5d1       $SG23832                   101135d1     cg_main.obj
 0003:0007a5d2       $SG23844                   101135d2     cg_main.obj
 0003:0007a5d3       $SG23847                   101135d3     cg_main.obj
 0003:0007a5d4       $SG23853                   101135d4     cg_main.obj
 0003:0007a5d5       $SG23856                   101135d5     cg_main.obj
 0003:0007a5d6       $SG23860                   101135d6     cg_main.obj
 0003:0007a5d7       $SG23862                   101135d7     cg_main.obj
 0003:0007a5d8       $SG23877                   101135d8     cg_main.obj
 0003:0007a5d9       $SG23880                   101135d9     cg_main.obj
 0003:0007a5da       $SG23890                   101135da     cg_main.obj
 0003:0007a5db       $SG23905                   101135db     cg_main.obj
 0003:0007a5dc       $SG23908                   101135dc     cg_main.obj
 0003:0007a5dd       $SG23922                   101135dd     cg_main.obj
 0003:0007a5de       $SG23937                   101135de     cg_main.obj
 0003:0007a5df       $SG23940                   101135df     cg_main.obj
 0003:0007a5e0       $SG23950                   101135e0     cg_main.obj
 0003:0007a5e1       $SG23955                   101135e1     cg_main.obj
 0003:0007a5e2       $SG23973                   101135e2     cg_main.obj
 0003:0007a5e3       $SG23976                   101135e3     cg_main.obj
 0003:0007a5e4       $SG23994                   101135e4     cg_main.obj
 0003:0007a5e5       $SG23996                   101135e5     cg_main.obj
 0003:0007a5e6       $SG24015                   101135e6     cg_main.obj
 0003:0007a5e7       $SG24018                   101135e7     cg_main.obj
 0003:0007a5e8       $SG24020                   101135e8     cg_main.obj
 0003:0007a5e9       $SG24056                   101135e9     cg_main.obj
 0003:0007a5ea       $SG24073                   101135ea     cg_main.obj
 0003:0007a5eb       $SG24076                   101135eb     cg_main.obj
 0003:0007a5ec       $SG24078                   101135ec     cg_main.obj
 0003:0007a5ed       $SG24112                   101135ed     cg_main.obj
 0003:0007a5ee       $SG24130                   101135ee     cg_main.obj
 0003:0007a5ef       $SG24133                   101135ef     cg_main.obj
 0003:0007a5f0       $SG24135                   101135f0     cg_main.obj
 0003:0007a5f1       $SG24173                   101135f1     cg_main.obj
 0003:0007a5f2       $SG24194                   101135f2     cg_main.obj
 0003:0007a5f3       $SG24671                   101135f3     cg_main.obj
 0003:0007a5f8       _cgGameTypeIconShaders     101135f8     cg_newdraw.obj
 0003:0007a62c       $SG21017                   1011362c     cg_newdraw.obj
 0003:0007a62d       $SG21781                   1011362d     cg_newdraw.obj
 0003:0007a62e       $SG22864                   1011362e     cg_newdraw.obj
 0003:0007a62f       $SG22867                   1011362f     cg_newdraw.obj
 0003:0007a630       ?buffer@?1??CG_GetRaceStatusText@@9@9 10113630     cg_newdraw.obj
 0003:0007a670       ?buffer@?1??CG_GetRaceTimesPrimaryText@@9@9 10113670     cg_newdraw.obj
 0003:0007a6b0       ?buffer@?1??CG_GetRaceTimesSecondaryText@@9@9 101136b0     cg_newdraw.obj
 0003:0007a6f0       ?fallback@?1??CG_GetProfileFallbackShader@@9@9 101136f0     cg_newdraw.obj
 0003:0007a6f4       ?buffer@?1??CG_GetMatchStateLabel@@9@9 101136f4     cg_newdraw.obj
 0003:0007a714       $SG22870                   10113714     cg_newdraw.obj
 0003:0007a715       $SG22884                   10113715     cg_newdraw.obj
 0003:0007a716       $SG22913                   10113716     cg_newdraw.obj
 0003:0007a717       $SG22915                   10113717     cg_newdraw.obj
 0003:0007a718       ?buffer@?1??CG_GetMatchStatusText@@9@9 10113718     cg_newdraw.obj
 0003:0007a818       ?buffer@?1??CG_GetEndGameScoreText@@9@9 10113818     cg_newdraw.obj
 0003:0007a898       ?buffer@?1??CG_GetMatchWinnerText@@9@9 10113898     cg_newdraw.obj
 0003:0007a918       _cg_voteShotCache          10113918     cg_newdraw.obj
 0003:0007a9e4       $SG23264                   101139e4     cg_newdraw.obj
 0003:0007a9e5       $SG24838                   101139e5     cg_newdraw.obj
 0003:0007a9e6       $SG25425                   101139e6     cg_newdraw.obj
 0003:0007a9e7       $SG25600                   101139e7     cg_newdraw.obj
 0003:0007a9e8       _cgTeamPickupSummaryIconHandles 101139e8     cg_newdraw.obj
 0003:0007aa14       _cgTeamPickupSummaryBlueFlagHandle 10113a14     cg_newdraw.obj
 0003:0007aa18       _cgTeamPickupSummaryNeutralFlagHandle 10113a18     cg_newdraw.obj
 0003:0007aa1c       _cgTeamPickupSummaryRedFlagHandle 10113a1c     cg_newdraw.obj
 0003:0007aa20       $SG25602                   10113a20     cg_newdraw.obj
 0003:0007aa21       $SG25605                   10113a21     cg_newdraw.obj
 0003:0007aa24       _markTotal                 10113a24     cg_marks.obj
 0003:0007aa28       _shaderAnims               10113a28     cg_particles.obj
 0003:0007ca28       _numShaderAnims            10115a28     cg_particles.obj
 0003:0007ca2c       _active_particles          10115a2c     cg_particles.obj
 0003:0007ca30       _free_particles            10115a30     cg_particles.obj
 0003:0007ca34       _initparticles             10115a34     cg_particles.obj
 0003:0007ca38       _particles                 10115a38     cg_particles.obj
 0003:0009ba38       _vforward                  10134a38     cg_particles.obj
 0003:0009ba44       _vright                    10134a44     cg_particles.obj
 0003:0009ba50       _vup                       10134a50     cg_particles.obj
 0003:0009ba5c       _rforward                  10134a5c     cg_particles.obj
 0003:0009ba68       _rright                    10134a68     cg_particles.obj
 0003:0009ba74       _rup                       10134a74     cg_particles.obj
 0003:0009ba80       _oldtime                   10134a80     cg_particles.obj
 0003:0009ba84       _roll                      10134a84     cg_particles.obj
 0003:0009ba88       $SG21072                   10134a88     cg_players.obj
 0003:0009ba89       $SG21128                   10134a89     cg_players.obj
 0003:0009ba90       _cg_pmove                  10134a90     cg_predict.obj
 0003:0009bb84       _cg_numSolidEntities       10134b84     cg_predict.obj
 0003:0009bb88       _cg_solidEntities          10134b88     cg_predict.obj
 0003:0009bf88       _cg_numTriggerEntities     10134f88     cg_predict.obj
 0003:0009bf90       _cg_triggerEntities        10134f90     cg_predict.obj
 0003:0009c390       _cg_screenDamageBlendShader 10135390     cg_screen.obj
 0003:0009c394       _cg_joinGameMenuActive     10135394     cg_screen.obj
 0003:0009c398       _localClient               10135398     cg_scoreboard.obj
 0003:0009c39c       $SG21063                   1013539c     cg_scoreboard.obj
 0003:0009c39d       $SG21065                   1013539d     cg_scoreboard.obj
 0003:0009c39e       $SG21226                   1013539e     cg_scoreboard.obj
 0003:0009c39f       $SG21229                   1013539f     cg_scoreboard.obj
 0003:0009c3a0       _cgHudScoreboard           101353a0     cg_scoreboard.obj
 0003:0009cbf4       $SG21130                   10135bf4     cg_servercmds.obj
 0003:0009cbf5       $SG21700                   10135bf5     cg_servercmds.obj
 0003:0009cbf6       $SG21722                   10135bf6     cg_servercmds.obj
 0003:0009cbf7       $SG22154                   10135bf7     cg_servercmds.obj
 0003:0009cbf8       _cg_matchTimeoutStartTime  10135bf8     cg_servercmds.obj
 0003:0009cbfc       $SG22202                   10135bfc     cg_servercmds.obj
 0003:0009cbfd       $SG22247                   10135bfd     cg_servercmds.obj
 0003:0009cbfe       $SG22470                   10135bfe     cg_servercmds.obj
 0003:0009cbff       $SG22497                   10135bff     cg_servercmds.obj
 0003:0009cc00       $SG22552                   10135c00     cg_servercmds.obj
 0003:0009cc01       $SG22554                   10135c01     cg_servercmds.obj
 0003:0009cc02       $SG22556                   10135c02     cg_servercmds.obj
 0003:0009cc03       $SG22736                   10135c03     cg_servercmds.obj
 0003:0009cc04       _cg_refreshClientInfoContextQueued 10135c04     cg_snapshot.obj
 0003:0009cc08       _cg_imports                10135c08     cg_syscalls.obj
 0003:0009cc10       _cg_viewFilterModificationCount 10135c10     cg_view.obj
 0003:0009cc14       _cg_bufferedSoundHead      10135c14     cg_view.obj
 0003:0009cc18       _cg_bufferedSoundTail      10135c18     cg_view.obj
 0003:0009cc20       _cg_bufferedSounds         10135c20     cg_view.obj
 0003:0009cca0       _cg_bufferedSoundTimes     10135ca0     cg_view.obj
 0003:0009cd20       _cg_bufferedSoundDelays    10135d20     cg_view.obj
 0003:0009cda0       _cg_lightningImpactFrameTime 10135da0     cg_weapons.obj
 0003:0009cda4       _cg_lightningImpactCount   10135da4     cg_weapons.obj
 0003:0009cda8       _cg_weaponTogglePrevious   10135da8     cg_weapons.obj
 0003:0009cdac       _cg_weaponToggleFallback   10135dac     cg_weapons.obj
 0003:0009cdb0       _GS_ExceptionRecord        10135db0     MSVCRTD:gs_report.obj
 0003:0009ce00       _GS_ContextRecord          10135e00     MSVCRTD:gs_report.obj
 0003:0009d0cc       ?__proc_attached@@3HA      101360cc     MSVCRTD:dll_dllmain.obj
 0003:0009d0f8       ?is_initialized_as_dll@@3_NA 101360f8     MSVCRTD:utility.obj
 0003:0009d0f9       ?module_local_atexit_table_initialized@@3_NA 101360f9     MSVCRTD:utility.obj
 0003:0009d0fc       ?module_local_atexit_table@@3U_onexit_table_t@@A 101360fc     MSVCRTD:utility.obj
 0003:0009d108       ?module_local_at_quick_exit_table@@3U_onexit_table_t@@A 10136108     MSVCRTD:utility.obj
 0004:00000060       $R000000                   10513060     * linker generated manifest res *
